Archive member included to satisfy reference by file (symbol)

c:/neon/eclipse/plugins/fr.ac6.mcu.externaltools.arm-none.win32_1.7.0.201602121829/tools/compiler/bin/../lib/gcc/arm-none-eabi/5.2.1/armv7-m\libgcc.a(_lshrdi3.o)
                              Drivers/STM32F1xx_HAL_Driver/Src/stm32f1xx_hal_flash.o (__aeabi_llsr)
c:/neon/eclipse/plugins/fr.ac6.mcu.externaltools.arm-none.win32_1.7.0.201602121829/tools/compiler/bin/../lib/gcc/arm-none-eabi/5.2.1/../../../../arm-none-eabi/lib/armv7-m\libc_nano.a(lib_a-exit.o)
                              c:/neon/eclipse/plugins/fr.ac6.mcu.externaltools.arm-none.win32_1.7.0.201602121829/tools/compiler/bin/../lib/gcc/arm-none-eabi/5.2.1/../../../../arm-none-eabi/lib/armv7-m/crt0.o (exit)
c:/neon/eclipse/plugins/fr.ac6.mcu.externaltools.arm-none.win32_1.7.0.201602121829/tools/compiler/bin/../lib/gcc/arm-none-eabi/5.2.1/../../../../arm-none-eabi/lib/armv7-m\libc_nano.a(lib_a-impure.o)
                              c:/neon/eclipse/plugins/fr.ac6.mcu.externaltools.arm-none.win32_1.7.0.201602121829/tools/compiler/bin/../lib/gcc/arm-none-eabi/5.2.1/../../../../arm-none-eabi/lib/armv7-m\libc_nano.a(lib_a-exit.o) (_global_impure_ptr)
c:/neon/eclipse/plugins/fr.ac6.mcu.externaltools.arm-none.win32_1.7.0.201602121829/tools/compiler/bin/../lib/gcc/arm-none-eabi/5.2.1/../../../../arm-none-eabi/lib/armv7-m\libc_nano.a(lib_a-init.o)
                              c:/neon/eclipse/plugins/fr.ac6.mcu.externaltools.arm-none.win32_1.7.0.201602121829/tools/compiler/bin/../lib/gcc/arm-none-eabi/5.2.1/../../../../arm-none-eabi/lib/armv7-m/crt0.o (__libc_init_array)
c:/neon/eclipse/plugins/fr.ac6.mcu.externaltools.arm-none.win32_1.7.0.201602121829/tools/compiler/bin/../lib/gcc/arm-none-eabi/5.2.1/../../../../arm-none-eabi/lib/armv7-m\libc_nano.a(lib_a-memset.o)
                              c:/neon/eclipse/plugins/fr.ac6.mcu.externaltools.arm-none.win32_1.7.0.201602121829/tools/compiler/bin/../lib/gcc/arm-none-eabi/5.2.1/../../../../arm-none-eabi/lib/armv7-m/crt0.o (memset)
c:/neon/eclipse/plugins/fr.ac6.mcu.externaltools.arm-none.win32_1.7.0.201602121829/tools/compiler/bin/../lib/gcc/arm-none-eabi/5.2.1/../../../../arm-none-eabi/lib/armv7-m\libnosys.a(_exit.o)
                              c:/neon/eclipse/plugins/fr.ac6.mcu.externaltools.arm-none.win32_1.7.0.201602121829/tools/compiler/bin/../lib/gcc/arm-none-eabi/5.2.1/../../../../arm-none-eabi/lib/armv7-m\libc_nano.a(lib_a-exit.o) (_exit)

Allocating common symbols
Common symbol       size              file

pFlash              0x20              Drivers/STM32F1xx_HAL_Driver/Src/stm32f1xx_hal_flash.o

Discarded input sections

 .text          0x00000000        0x0 c:/neon/eclipse/plugins/fr.ac6.mcu.externaltools.arm-none.win32_1.7.0.201602121829/tools/compiler/bin/../lib/gcc/arm-none-eabi/5.2.1/armv7-m/crti.o
 .data          0x00000000        0x0 c:/neon/eclipse/plugins/fr.ac6.mcu.externaltools.arm-none.win32_1.7.0.201602121829/tools/compiler/bin/../lib/gcc/arm-none-eabi/5.2.1/armv7-m/crti.o
 .bss           0x00000000        0x0 c:/neon/eclipse/plugins/fr.ac6.mcu.externaltools.arm-none.win32_1.7.0.201602121829/tools/compiler/bin/../lib/gcc/arm-none-eabi/5.2.1/armv7-m/crti.o
 .data          0x00000000        0x4 c:/neon/eclipse/plugins/fr.ac6.mcu.externaltools.arm-none.win32_1.7.0.201602121829/tools/compiler/bin/../lib/gcc/arm-none-eabi/5.2.1/armv7-m/crtbegin.o
 .text          0x00000000       0x74 c:/neon/eclipse/plugins/fr.ac6.mcu.externaltools.arm-none.win32_1.7.0.201602121829/tools/compiler/bin/../lib/gcc/arm-none-eabi/5.2.1/../../../../arm-none-eabi/lib/armv7-m/crt0.o
 .data          0x00000000        0x0 c:/neon/eclipse/plugins/fr.ac6.mcu.externaltools.arm-none.win32_1.7.0.201602121829/tools/compiler/bin/../lib/gcc/arm-none-eabi/5.2.1/../../../../arm-none-eabi/lib/armv7-m/crt0.o
 .bss           0x00000000        0x0 c:/neon/eclipse/plugins/fr.ac6.mcu.externaltools.arm-none.win32_1.7.0.201602121829/tools/compiler/bin/../lib/gcc/arm-none-eabi/5.2.1/../../../../arm-none-eabi/lib/armv7-m/crt0.o
 .ARM.extab     0x00000000        0x0 c:/neon/eclipse/plugins/fr.ac6.mcu.externaltools.arm-none.win32_1.7.0.201602121829/tools/compiler/bin/../lib/gcc/arm-none-eabi/5.2.1/../../../../arm-none-eabi/lib/armv7-m/crt0.o
 .ARM.exidx     0x00000000        0x8 c:/neon/eclipse/plugins/fr.ac6.mcu.externaltools.arm-none.win32_1.7.0.201602121829/tools/compiler/bin/../lib/gcc/arm-none-eabi/5.2.1/../../../../arm-none-eabi/lib/armv7-m/crt0.o
 .ARM.attributes
                0x00000000       0x1b c:/neon/eclipse/plugins/fr.ac6.mcu.externaltools.arm-none.win32_1.7.0.201602121829/tools/compiler/bin/../lib/gcc/arm-none-eabi/5.2.1/../../../../arm-none-eabi/lib/armv7-m/crt0.o
 .text          0x00000000       0x14 Drivers/CMSIS/Device/ST/STM32F1xx/Source/Templates/gcc/startup_stm32f103xb.o
 .data          0x00000000        0x0 Drivers/CMSIS/Device/ST/STM32F1xx/Source/Templates/gcc/startup_stm32f103xb.o
[...]
Memory Configuration

Name             Origin             Length             Attributes
FLASH            0x08000000         0x00020000         xr
RAM              0x20000000         0x00005000         xrw
*default*        0x00000000         0xffffffff

Linker script and memory map

LOAD c:/neon/eclipse/plugins/fr.ac6.mcu.externaltools.arm-none.win32_1.7.0.201602121829/tools/compiler/bin/../lib/gcc/arm-none-eabi/5.2.1/armv7-m/crti.o
LOAD c:/neon/eclipse/plugins/fr.ac6.mcu.externaltools.arm-none.win32_1.7.0.201602121829/tools/compiler/bin/../lib/gcc/arm-none-eabi/5.2.1/armv7-m/crtbegin.o
LOAD c:/neon/eclipse/plugins/fr.ac6.mcu.externaltools.arm-none.win32_1.7.0.201602121829/tools/compiler/bin/../lib/gcc/arm-none-eabi/5.2.1/../../../../arm-none-eabi/lib/armv7-m/crt0.o
LOAD c:/neon/eclipse/plugins/fr.ac6.mcu.externaltools.arm-none.win32_1.7.0.201602121829/tools/compiler/bin/../lib/gcc/arm-none-eabi/5.2.1/../../../../arm-none-eabi/lib/armv7-m\libm.a
LOAD Drivers/CMSIS/Device/ST/STM32F1xx/Source/Templates/gcc/startup_stm32f103xb.o
LOAD Drivers/CMSIS/Device/ST/STM32F1xx/Source/Templates/system_stm32f1xx.o
LOAD Drivers/STM32F1xx_HAL_Driver/Src/stm32f1xx_hal.o
LOAD Drivers/STM32F1xx_HAL_Driver/Src/stm32f1xx_hal_cortex.o
LOAD Drivers/STM32F1xx_HAL_Driver/Src/stm32f1xx_hal_dma.o
LOAD Drivers/STM32F1xx_HAL_Driver/Src/stm32f1xx_hal_flash.o
LOAD Drivers/STM32F1xx_HAL_Driver/Src/stm32f1xx_hal_flash_ex.o
LOAD Drivers/STM32F1xx_HAL_Driver/Src/stm32f1xx_hal_gpio.o
LOAD Drivers/STM32F1xx_HAL_Driver/Src/stm32f1xx_hal_gpio_ex.o
LOAD Drivers/STM32F1xx_HAL_Driver/Src/stm32f1xx_hal_pwr.o
LOAD Drivers/STM32F1xx_HAL_Driver/Src/stm32f1xx_hal_rcc.o
LOAD Drivers/STM32F1xx_HAL_Driver/Src/stm32f1xx_hal_rcc_ex.o
LOAD Drivers/STM32F1xx_HAL_Driver/Src/stm32f1xx_hal_tim.o
LOAD Drivers/STM32F1xx_HAL_Driver/Src/stm32f1xx_hal_tim_ex.o
LOAD Src/LCD.o
LOAD Src/gpio.o
LOAD Src/main.o
LOAD Src/stm32f1xx_hal_msp.o
LOAD Src/stm32f1xx_it.o
START GROUP
LOAD c:/neon/eclipse/plugins/fr.ac6.mcu.externaltools.arm-none.win32_1.7.0.201602121829/tools/compiler/bin/../lib/gcc/arm-none-eabi/5.2.1/armv7-m\libgcc.a
LOAD c:/neon/eclipse/plugins/fr.ac6.mcu.externaltools.arm-none.win32_1.7.0.201602121829/tools/compiler/bin/../lib/gcc/arm-none-eabi/5.2.1/../../../../arm-none-eabi/lib/armv7-m\libc_nano.a
END GROUP
START GROUP
LOAD c:/neon/eclipse/plugins/fr.ac6.mcu.externaltools.arm-none.win32_1.7.0.201602121829/tools/compiler/bin/../lib/gcc/arm-none-eabi/5.2.1/armv7-m\libgcc.a
LOAD c:/neon/eclipse/plugins/fr.ac6.mcu.externaltools.arm-none.win32_1.7.0.201602121829/tools/compiler/bin/../lib/gcc/arm-none-eabi/5.2.1/../../../../arm-none-eabi/lib/armv7-m\libc_nano.a
LOAD c:/neon/eclipse/plugins/fr.ac6.mcu.externaltools.arm-none.win32_1.7.0.201602121829/tools/compiler/bin/../lib/gcc/arm-none-eabi/5.2.1/../../../../arm-none-eabi/lib/armv7-m\libnosys.a
END GROUP
START GROUP
LOAD c:/neon/eclipse/plugins/fr.ac6.mcu.externaltools.arm-none.win32_1.7.0.201602121829/tools/compiler/bin/../lib/gcc/arm-none-eabi/5.2.1/armv7-m\libgcc.a
LOAD c:/neon/eclipse/plugins/fr.ac6.mcu.externaltools.arm-none.win32_1.7.0.201602121829/tools/compiler/bin/../lib/gcc/arm-none-eabi/5.2.1/../../../../arm-none-eabi/lib/armv7-m\libc_nano.a
LOAD c:/neon/eclipse/plugins/fr.ac6.mcu.externaltools.arm-none.win32_1.7.0.201602121829/tools/compiler/bin/../lib/gcc/arm-none-eabi/5.2.1/../../../../arm-none-eabi/lib/armv7-m\libnosys.a
END GROUP
LOAD c:/neon/eclipse/plugins/fr.ac6.mcu.externaltools.arm-none.win32_1.7.0.201602121829/tools/compiler/bin/../lib/gcc/arm-none-eabi/5.2.1/armv7-m/crtend.o
LOAD c:/neon/eclipse/plugins/fr.ac6.mcu.externaltools.arm-none.win32_1.7.0.201602121829/tools/compiler/bin/../lib/gcc/arm-none-eabi/5.2.1/armv7-m/crtn.o
                0x20005000                _estack = 0x20005000
                0x00000200                _Min_Heap_Size = 0x200
                0x00000400                _Min_Stack_Size = 0x400

.isr_vector     0x08000000      0x10c
                0x08000000                . = ALIGN (0x4)
 *(.isr_vector)
 .isr_vector    0x08000000      0x10c Drivers/CMSIS/Device/ST/STM32F1xx/Source/Templates/gcc/startup_stm32f103xb.o
                0x08000000                g_pfnVectors
                0x0800010c                . = ALIGN (0x4)

.text           0x0800010c      0xebc
                0x0800010c                . = ALIGN (0x4)
 *(.text)
 .text          0x0800010c       0xa4 c:/neon/eclipse/plugins/fr.ac6.mcu.externaltools.arm-none.win32_1.7.0.201602121829/tools/compiler/bin/../lib/gcc/arm-none-eabi/5.2.1/armv7-m/crtbegin.o
 *(.text*)
 .text.Reset_Handler
                0x080001b0       0x48 Drivers/CMSIS/Device/ST/STM32F1xx/Source/Templates/gcc/startup_stm32f103xb.o
                0x080001b0                Reset_Handler
 .text.Default_Handler
                0x080001f8        0x2 Drivers/CMSIS/Device/ST/STM32F1xx/Source/Templates/gcc/startup_stm32f103xb.o
                0x080001f8                RTC_Alarm_IRQHandler
                0x080001f8                EXTI2_IRQHandler
                0x080001f8                TIM1_CC_IRQHandler
                0x080001f8                PVD_IRQHandler
                0x080001f8                EXTI3_IRQHandler
                0x080001f8                EXTI0_IRQHandler
                0x080001f8                I2C2_EV_IRQHandler
                0x080001f8                ADC1_2_IRQHandler
                0x080001f8                SPI1_IRQHandler
                0x080001f8                TAMPER_IRQHandler
                0x080001f8                DMA1_Channel4_IRQHandler
                0x080001f8                USART3_IRQHandler
                0x080001f8                RTC_IRQHandler
                0x080001f8                DMA1_Channel7_IRQHandler
                0x080001f8                CAN1_RX1_IRQHandler
                0x080001f8                TIM4_IRQHandler
                0x080001f8                I2C1_EV_IRQHandler
                0x080001f8                DMA1_Channel6_IRQHandler
                0x080001f8                TIM3_IRQHandler
                0x080001f8                RCC_IRQHandler
                0x080001f8                TIM1_TRG_COM_IRQHandler
                0x080001f8                DMA1_Channel1_IRQHandler
                0x080001f8                Default_Handler
                0x080001f8                EXTI15_10_IRQHandler
                0x080001f8                EXTI9_5_IRQHandler
                0x080001f8                SPI2_IRQHandler
                0x080001f8                DMA1_Channel5_IRQHandler
                0x080001f8                EXTI4_IRQHandler
                0x080001f8                USB_LP_CAN1_RX0_IRQHandler
                0x080001f8                USB_HP_CAN1_TX_IRQHandler
                0x080001f8                DMA1_Channel3_IRQHandler
                0x080001f8                TIM1_UP_IRQHandler
                0x080001f8                WWDG_IRQHandler
                0x080001f8                TIM2_IRQHandler
                0x080001f8                TIM1_BRK_IRQHandler
                0x080001f8                EXTI1_IRQHandler
                0x080001f8                USART2_IRQHandler
                0x080001f8                I2C2_ER_IRQHandler
                0x080001f8                DMA1_Channel2_IRQHandler
                0x080001f8                CAN1_SCE_IRQHandler
                0x080001f8                FLASH_IRQHandler
                0x080001f8                USART1_IRQHandler
                0x080001f8                I2C1_ER_IRQHandler
                0x080001f8                USBWakeUp_IRQHandler
 *fill*         0x080001fa        0x2 
 .text.SystemInit
                0x080001fc       0x4c Drivers/CMSIS/Device/ST/STM32F1xx/Source/Templates/system_stm32f1xx.o
                0x080001fc                SystemInit
 .text.HAL_InitTick
                0x08000248       0x24 Drivers/STM32F1xx_HAL_Driver/Src/stm32f1xx_hal.o
                0x08000248                HAL_InitTick
 .text.HAL_Init
                0x0800026c       0x24 Drivers/STM32F1xx_HAL_Driver/Src/stm32f1xx_hal.o
                0x0800026c                HAL_Init
 .text.HAL_IncTick
                0x08000290       0x10 Drivers/STM32F1xx_HAL_Driver/Src/stm32f1xx_hal.o
                0x08000290                HAL_IncTick
 .text.HAL_GetTick
                0x080002a0        0xc Drivers/STM32F1xx_HAL_Driver/Src/stm32f1xx_hal.o
                0x080002a0                HAL_GetTick
 .text.HAL_Delay
                0x080002ac       0x1a Drivers/STM32F1xx_HAL_Driver/Src/stm32f1xx_hal.o
                0x080002ac                HAL_Delay
 *fill*         0x080002c6        0x2 
 .text.HAL_NVIC_SetPriorityGrouping
                0x080002c8       0x24 Drivers/STM32F1xx_HAL_Driver/Src/stm32f1xx_hal_cortex.o
                0x080002c8                HAL_NVIC_SetPriorityGrouping
 .text.HAL_NVIC_SetPriority
                0x080002ec       0x68 Drivers/STM32F1xx_HAL_Driver/Src/stm32f1xx_hal_cortex.o
                0x080002ec                HAL_NVIC_SetPriority
 .text.HAL_SYSTICK_Config
                0x08000354       0x2c Drivers/STM32F1xx_HAL_Driver/Src/stm32f1xx_hal_cortex.o
                0x08000354                HAL_SYSTICK_Config
 .text.HAL_SYSTICK_CLKSourceConfig
                0x08000380       0x18 Drivers/STM32F1xx_HAL_Driver/Src/stm32f1xx_hal_cortex.o
                0x08000380                HAL_SYSTICK_CLKSourceConfig
 .text.HAL_SYSTICK_Callback
                0x08000398        0x2 Drivers/STM32F1xx_HAL_Driver/Src/stm32f1xx_hal_cortex.o
                0x08000398                HAL_SYSTICK_Callback
 .text.HAL_SYSTICK_IRQHandler
                0x0800039a        0x8 Drivers/STM32F1xx_HAL_Driver/Src/stm32f1xx_hal_cortex.o
                0x0800039a                HAL_SYSTICK_IRQHandler
 *fill*         0x080003a2        0x2 
 .text.HAL_GPIO_Init
                0x080003a4      0x1b0 Drivers/STM32F1xx_HAL_Driver/Src/stm32f1xx_hal_gpio.o
                0x080003a4                HAL_GPIO_Init
 .text.HAL_GPIO_WritePin
                0x08000554        0x8 Drivers/STM32F1xx_HAL_Driver/Src/stm32f1xx_hal_gpio.o
                0x08000554                HAL_GPIO_WritePin
 .text.HAL_RCC_OscConfig
                0x0800055c      0x4c0 Drivers/STM32F1xx_HAL_Driver/Src/stm32f1xx_hal_rcc.o
                0x0800055c                HAL_RCC_OscConfig
 .text.HAL_RCC_GetSysClockFreq
                0x08000a1c       0x90 Drivers/STM32F1xx_HAL_Driver/Src/stm32f1xx_hal_rcc.o
                0x08000a1c                HAL_RCC_GetSysClockFreq
 .text.HAL_RCC_ClockConfig
                0x08000aac      0x164 Drivers/STM32F1xx_HAL_Driver/Src/stm32f1xx_hal_rcc.o
                0x08000aac                HAL_RCC_ClockConfig
 .text.HAL_RCC_GetHCLKFreq
                0x08000c10        0xc Drivers/STM32F1xx_HAL_Driver/Src/stm32f1xx_hal_rcc.o
                0x08000c10                HAL_RCC_GetHCLKFreq
 .text.LCD_wr_hi_nibble
                0x08000c1c       0x74 Src/LCD.o
                0x08000c1c                LCD_wr_hi_nibble
 .text.LCD_wr_lo_nibble
                0x08000c90       0x78 Src/LCD.o
                0x08000c90                LCD_wr_lo_nibble
 .text.LCD_write
                0x08000d08       0x12 Src/LCD.o
                0x08000d08                LCD_write
 *fill*         0x08000d1a        0x2 
 .text.LCD_wr_cmd
                0x08000d1c       0x1c Src/LCD.o
                0x08000d1c                LCD_wr_cmd
 .text.LCD_wr_data
                0x08000d38       0x1c Src/LCD.o
                0x08000d38                LCD_wr_data
 .text.LCD_Init
                0x08000d54       0x6c Src/LCD.o
                0x08000d54                LCD_Init
 .text.LCD_PutStr
                0x08000dc0       0x22 Src/LCD.o
                0x08000dc0                LCD_PutStr
 .text.LCD_ClrScr
                0x08000de2        0x6 Src/LCD.o
                0x08000de2                LCD_ClrScr
 .text.MX_GPIO_Init
                0x08000de8       0x44 Src/gpio.o
                0x08000de8                MX_GPIO_Init
 .text.SystemClock_Config
                0x08000e2c       0x5e Src/main.o
                0x08000e2c                SystemClock_Config
 *fill*         0x08000e8a        0x2 
 .text.startup.main
                0x08000e8c       0x2c Src/main.o
                0x08000e8c                main
 .text.HAL_MspInit
                0x08000eb8       0x8c Src/stm32f1xx_hal_msp.o
                0x08000eb8                HAL_MspInit
 .text.NMI_Handler
                0x08000f44        0x2 Src/stm32f1xx_it.o
                0x08000f44                NMI_Handler
 .text.HardFault_Handler
                0x08000f46        0x2 Src/stm32f1xx_it.o
                0x08000f46                HardFault_Handler
 .text.MemManage_Handler
                0x08000f48        0x2 Src/stm32f1xx_it.o
                0x08000f48                MemManage_Handler
 .text.BusFault_Handler
                0x08000f4a        0x2 Src/stm32f1xx_it.o
                0x08000f4a                BusFault_Handler
 .text.UsageFault_Handler
                0x08000f4c        0x2 Src/stm32f1xx_it.o
                0x08000f4c                UsageFault_Handler
 .text.SVC_Handler
                0x08000f4e        0x2 Src/stm32f1xx_it.o
                0x08000f4e                SVC_Handler
 .text.DebugMon_Handler
                0x08000f50        0x2 Src/stm32f1xx_it.o
                0x08000f50                DebugMon_Handler
 .text.PendSV_Handler
                0x08000f52        0x2 Src/stm32f1xx_it.o
                0x08000f52                PendSV_Handler
 .text.SysTick_Handler
                0x08000f54        0xe Src/stm32f1xx_it.o
                0x08000f54                SysTick_Handler
 *fill*         0x08000f62        0x2 
 .text.__libc_init_array
                0x08000f64       0x4c c:/neon/eclipse/plugins/fr.ac6.mcu.externaltools.arm-none.win32_1.7.0.201602121829/tools/compiler/bin/../lib/gcc/arm-none-eabi/5.2.1/../../../../arm-none-eabi/lib/armv7-m\libc_nano.a(lib_a-init.o)
                0x08000f64                __libc_init_array
 *(.glue_7)
 .glue_7        0x08000fb0        0x0 linker stubs
 *(.glue_7t)
 .glue_7t       0x08000fb0        0x0 linker stubs
 *(.eh_frame)
 .eh_frame      0x08000fb0        0x0 c:/neon/eclipse/plugins/fr.ac6.mcu.externaltools.arm-none.win32_1.7.0.201602121829/tools/compiler/bin/../lib/gcc/arm-none-eabi/5.2.1/armv7-m/crtbegin.o
 *(.init)
 .init          0x08000fb0        0x4 c:/neon/eclipse/plugins/fr.ac6.mcu.externaltools.arm-none.win32_1.7.0.201602121829/tools/compiler/bin/../lib/gcc/arm-none-eabi/5.2.1/armv7-m/crti.o
                0x08000fb0                _init
 .init          0x08000fb4        0x8 c:/neon/eclipse/plugins/fr.ac6.mcu.externaltools.arm-none.win32_1.7.0.201602121829/tools/compiler/bin/../lib/gcc/arm-none-eabi/5.2.1/armv7-m/crtn.o
 *(.fini)
 .fini          0x08000fbc        0x4 c:/neon/eclipse/plugins/fr.ac6.mcu.externaltools.arm-none.win32_1.7.0.201602121829/tools/compiler/bin/../lib/gcc/arm-none-eabi/5.2.1/armv7-m/crti.o
                0x08000fbc                _fini
 .fini          0x08000fc0        0x8 c:/neon/eclipse/plugins/fr.ac6.mcu.externaltools.arm-none.win32_1.7.0.201602121829/tools/compiler/bin/../lib/gcc/arm-none-eabi/5.2.1/armv7-m/crtn.o
                0x08000fc8                . = ALIGN (0x4)
                0x08000fc8                _etext = .

.vfp11_veneer   0x08000fc8        0x0
 .vfp11_veneer  0x08000fc8        0x0 linker stubs

.v4_bx          0x08000fc8        0x0
 .v4_bx         0x08000fc8        0x0 linker stubs

.iplt           0x08000fc8        0x0
 .iplt          0x08000fc8        0x0 c:/neon/eclipse/plugins/fr.ac6.mcu.externaltools.arm-none.win32_1.7.0.201602121829/tools/compiler/bin/../lib/gcc/arm-none-eabi/5.2.1/armv7-m/crtbegin.o

.rodata         0x08000fc8       0x30
                0x08000fc8                . = ALIGN (0x4)
 *(.rodata)
 .rodata        0x08000fc8       0x18 Drivers/CMSIS/Device/ST/STM32F1xx/Source/Templates/system_stm32f1xx.o
                0x08000fc8                AHBPrescTable
                0x08000fd8                APBPrescTable
 .rodata        0x08000fe0       0x12 Drivers/STM32F1xx_HAL_Driver/Src/stm32f1xx_hal_rcc.o
 *(.rodata*)
 .rodata.str1.1
                0x08000ff2        0x6 Src/main.o
                0x08000ff8                . = ALIGN (0x4)

.rel.dyn        0x08000ff8        0x0
 .rel.iplt      0x08000ff8        0x0 c:/neon/eclipse/plugins/fr.ac6.mcu.externaltools.arm-none.win32_1.7.0.201602121829/tools/compiler/bin/../lib/gcc/arm-none-eabi/5.2.1/armv7-m/crtbegin.o

.ARM.extab
 *(.ARM.extab* .gnu.linkonce.armextab.*)

.ARM            0x08000ff8        0x0
                0x08000ff8                __exidx_start = .
 *(.ARM.exidx*)
                0x08000ff8                __exidx_end = .

.preinit_array  0x08000ff8        0x0
                0x08000ff8                PROVIDE (__preinit_array_start, .)
 *(.preinit_array*)
                0x08000ff8                PROVIDE (__preinit_array_end, .)

.init_array     0x08000ff8        0x4
                0x08000ff8                PROVIDE (__init_array_start, .)
 *(SORT(.init_array.*))
 *(.init_array*)
 .init_array    0x08000ff8        0x4 c:/neon/eclipse/plugins/fr.ac6.mcu.externaltools.arm-none.win32_1.7.0.201602121829/tools/compiler/bin/../lib/gcc/arm-none-eabi/5.2.1/armv7-m/crtbegin.o
                0x08000ffc                PROVIDE (__init_array_end, .)

.fini_array     0x08000ffc        0x4
                [!provide]                PROVIDE (__fini_array_start, .)
 *(SORT(.fini_array.*))
 *(.fini_array*)
 .fini_array    0x08000ffc        0x4 c:/neon/eclipse/plugins/fr.ac6.mcu.externaltools.arm-none.win32_1.7.0.201602121829/tools/compiler/bin/../lib/gcc/arm-none-eabi/5.2.1/armv7-m/crtbegin.o
                [!provide]                PROVIDE (__fini_array_end, .)
                0x08001000                _sidata = LOADADDR (.data)

.data           0x20000000        0x4 load address 0x08001000
                0x20000000                . = ALIGN (0x4)
                0x20000000                _sdata = .
 *(.data)
 .data          0x20000000        0x4 Drivers/CMSIS/Device/ST/STM32F1xx/Source/Templates/system_stm32f1xx.o
                0x20000000                SystemCoreClock
 *(.data*)
                0x20000004                . = ALIGN (0x4)
                0x20000004                _edata = .

.jcr            0x20000004        0x0 load address 0x08001004
 .jcr           0x20000004        0x0 c:/neon/eclipse/plugins/fr.ac6.mcu.externaltools.arm-none.win32_1.7.0.201602121829/tools/compiler/bin/../lib/gcc/arm-none-eabi/5.2.1/armv7-m/crtbegin.o

.tm_clone_table
                0x20000004        0x0 load address 0x08001004
 .tm_clone_table
                0x20000004        0x0 c:/neon/eclipse/plugins/fr.ac6.mcu.externaltools.arm-none.win32_1.7.0.201602121829/tools/compiler/bin/../lib/gcc/arm-none-eabi/5.2.1/armv7-m/crtbegin.o
 .tm_clone_table
                0x20000004        0x0 c:/neon/eclipse/plugins/fr.ac6.mcu.externaltools.arm-none.win32_1.7.0.201602121829/tools/compiler/bin/../lib/gcc/arm-none-eabi/5.2.1/armv7-m/crtend.o

.igot.plt       0x20000004        0x0 load address 0x08001004
 .igot.plt      0x20000004        0x0 c:/neon/eclipse/plugins/fr.ac6.mcu.externaltools.arm-none.win32_1.7.0.201602121829/tools/compiler/bin/../lib/gcc/arm-none-eabi/5.2.1/armv7-m/crtbegin.o
                0x20000004                . = ALIGN (0x4)

.bss            0x20000004       0x20 load address 0x08001004
                0x20000004                _sbss = .
                0x20000004                __bss_start__ = _sbss
 *(.bss)
 .bss           0x20000004       0x1c c:/neon/eclipse/plugins/fr.ac6.mcu.externaltools.arm-none.win32_1.7.0.201602121829/tools/compiler/bin/../lib/gcc/arm-none-eabi/5.2.1/armv7-m/crtbegin.o
 .bss           0x20000020        0x4 Drivers/STM32F1xx_HAL_Driver/Src/stm32f1xx_hal.o
 *(.bss*)
 *(COMMON)
                0x20000024                . = ALIGN (0x4)
                0x20000024                _ebss = .
                0x20000024                __bss_end__ = _ebss

._user_heap_stack
                0x20000024      0x604 load address 0x08001004
                0x20000028                . = ALIGN (0x8)
 *fill*         0x20000024        0x4 
                [!provide]                PROVIDE (end, .)
                [!provide]                PROVIDE (_end, .)
                0x20000228                . = (. + _Min_Heap_Size)
 *fill*         0x20000028      0x200 
                0x20000628                . = (. + _Min_Stack_Size)
 *fill*         0x20000228      0x400 
                0x20000628                . = ALIGN (0x8)

/DISCARD/
 libc.a(*)
 libm.a(*)
 libgcc.a(*)

.ARM.attributes
                0x00000000       0x29
 *(.ARM.attributes)
 .ARM.attributes
                0x00000000       0x1d c:/neon/eclipse/plugins/fr.ac6.mcu.externaltools.arm-none.win32_1.7.0.201602121829/tools/compiler/bin/../lib/gcc/arm-none-eabi/5.2.1/armv7-m/crti.o
 .ARM.attributes
                0x0000001d       0x2d c:/neon/eclipse/plugins/fr.ac6.mcu.externaltools.arm-none.win32_1.7.0.201602121829/tools/compiler/bin/../lib/gcc/arm-none-eabi/5.2.1/armv7-m/crtbegin.o
 .ARM.attributes
                0x0000004a       0x21 Drivers/CMSIS/Device/ST/STM32F1xx/Source/Templates/gcc/startup_stm32f103xb.o
 .ARM.attributes
                0x0000006b       0x33 Drivers/CMSIS/Device/ST/STM32F1xx/Source/Templates/system_stm32f1xx.o
 .ARM.attributes
                0x0000009e       0x33 Drivers/STM32F1xx_HAL_Driver/Src/stm32f1xx_hal.o
 .ARM.attributes
                0x000000d1       0x33 Drivers/STM32F1xx_HAL_Driver/Src/stm32f1xx_hal_cortex.o
 .ARM.attributes
                0x00000104       0x33 Drivers/STM32F1xx_HAL_Driver/Src/stm32f1xx_hal_gpio.o
 .ARM.attributes
                0x00000137       0x33 Drivers/STM32F1xx_HAL_Driver/Src/stm32f1xx_hal_rcc.o
 .ARM.attributes
                0x0000016a       0x33 Src/LCD.o
 .ARM.attributes
                0x0000019d       0x33 Src/gpio.o
 .ARM.attributes
                0x000001d0       0x33 Src/main.o
 .ARM.attributes
                0x00000203       0x33 Src/stm32f1xx_hal_msp.o
 .ARM.attributes
                0x00000236       0x33 Src/stm32f1xx_it.o
 .ARM.attributes
                0x00000269       0x2d c:/neon/eclipse/plugins/fr.ac6.mcu.externaltools.arm-none.win32_1.7.0.201602121829/tools/compiler/bin/../lib/gcc/arm-none-eabi/5.2.1/../../../../arm-none-eabi/lib/armv7-m\libc_nano.a(lib_a-init.o)
 .ARM.attributes
                0x00000296       0x2d c:/neon/eclipse/plugins/fr.ac6.mcu.externaltools.arm-none.win32_1.7.0.201602121829/tools/compiler/bin/../lib/gcc/arm-none-eabi/5.2.1/armv7-m/crtend.o
 .ARM.attributes
                0x000002c3       0x1d c:/neon/eclipse/plugins/fr.ac6.mcu.externaltools.arm-none.win32_1.7.0.201602121829/tools/compiler/bin/../lib/gcc/arm-none-eabi/5.2.1/armv7-m/crtn.o
OUTPUT(LCD_ADC.elf elf32-littlearm)

.debug_line     0x00000000     0x4e97
 .debug_line    0x00000000       0xac Drivers/CMSIS/Device/ST/STM32F1xx/Source/Templates/gcc/startup_stm32f103xb.o
 .debug_line    0x000000ac      0x6ee Drivers/CMSIS/Device/ST/STM32F1xx/Source/Templates/system_stm32f1xx.o
 .debug_line    0x0000079a      0x7f8 Drivers/STM32F1xx_HAL_Driver/Src/stm32f1xx_hal.o
 .debug_line    0x00000f92      0x869 Drivers/STM32F1xx_HAL_Driver/Src/stm32f1xx_hal_cortex.o
 .debug_line    0x000017fb      0x82f Drivers/STM32F1xx_HAL_Driver/Src/stm32f1xx_hal_gpio.o
 .debug_line    0x0000202a      0xbcf Drivers/STM32F1xx_HAL_Driver/Src/stm32f1xx_hal_rcc.o
 .debug_line    0x00002bf9      0x789 Src/LCD.o
 .debug_line    0x00003382      0x69d Src/gpio.o
 .debug_line    0x00003a1f      0x6eb Src/main.o
 .debug_line    0x0000410a      0x69d Src/stm32f1xx_hal_msp.o
 .debug_line    0x000047a7      0x6f0 Src/stm32f1xx_it.o

.debug_info     0x00000000     0x432c
 .debug_info    0x00000000       0x9b Drivers/CMSIS/Device/ST/STM32F1xx/Source/Templates/gcc/startup_stm32f103xb.o
 .debug_info    0x0000009b      0x3d1 Drivers/CMSIS/Device/ST/STM32F1xx/Source/Templates/system_stm32f1xx.o
 .debug_info    0x0000046c      0x68a Drivers/STM32F1xx_HAL_Driver/Src/stm32f1xx_hal.o
 .debug_info    0x00000af6      0xc10 Drivers/STM32F1xx_HAL_Driver/Src/stm32f1xx_hal_cortex.o
 .debug_info    0x00001706      0x60f Drivers/STM32F1xx_HAL_Driver/Src/stm32f1xx_hal_gpio.o
 .debug_info    0x00001d15     0x123f Drivers/STM32F1xx_HAL_Driver/Src/stm32f1xx_hal_rcc.o
 .debug_info    0x00002f54      0x69a Src/LCD.o
 .debug_info    0x000035ee      0x2cb Src/gpio.o
 .debug_info    0x000038b9      0x4f6 Src/main.o
 .debug_info    0x00003daf      0x436 Src/stm32f1xx_hal_msp.o
 .debug_info    0x000041e5      0x147 Src/stm32f1xx_it.o

.debug_abbrev   0x00000000     0x114c
 .debug_abbrev  0x00000000       0x12 Drivers/CMSIS/Device/ST/STM32F1xx/Source/Templates/gcc/startup_stm32f103xb.o
 .debug_abbrev  0x00000012      0x125 Drivers/CMSIS/Device/ST/STM32F1xx/Source/Templates/system_stm32f1xx.o
 .debug_abbrev  0x00000137      0x231 Drivers/STM32F1xx_HAL_Driver/Src/stm32f1xx_hal.o
 .debug_abbrev  0x00000368      0x2f1 Drivers/STM32F1xx_HAL_Driver/Src/stm32f1xx_hal_cortex.o
 .debug_abbrev  0x00000659      0x1cb Drivers/STM32F1xx_HAL_Driver/Src/stm32f1xx_hal_gpio.o
 .debug_abbrev  0x00000824      0x2c2 Drivers/STM32F1xx_HAL_Driver/Src/stm32f1xx_hal_rcc.o
 .debug_abbrev  0x00000ae6      0x1c5 Src/LCD.o
 .debug_abbrev  0x00000cab      0x134 Src/gpio.o
 .debug_abbrev  0x00000ddf      0x177 Src/main.o
 .debug_abbrev  0x00000f56      0x124 Src/stm32f1xx_hal_msp.o
 .debug_abbrev  0x0000107a       0xd2 Src/stm32f1xx_it.o

.debug_aranges  0x00000000      0x388
 .debug_aranges
                0x00000000       0x28 Drivers/CMSIS/Device/ST/STM32F1xx/Source/Templates/gcc/startup_stm32f103xb.o
 .debug_aranges
                0x00000028       0x28 Drivers/CMSIS/Device/ST/STM32F1xx/Source/Templates/system_stm32f1xx.o
 .debug_aranges
                0x00000050       0xa8 Drivers/STM32F1xx_HAL_Driver/Src/stm32f1xx_hal.o
 .debug_aranges
                0x000000f8       0x90 Drivers/STM32F1xx_HAL_Driver/Src/stm32f1xx_hal_cortex.o
 .debug_aranges
                0x00000188       0x58 Drivers/STM32F1xx_HAL_Driver/Src/stm32f1xx_hal_gpio.o
 .debug_aranges
                0x000001e0       0x88 Drivers/STM32F1xx_HAL_Driver/Src/stm32f1xx_hal_rcc.o
 .debug_aranges
                0x00000268       0x68 Src/LCD.o
 .debug_aranges
                0x000002d0       0x20 Src/gpio.o
 .debug_aranges
                0x000002f0       0x30 Src/main.o
 .debug_aranges
                0x00000320       0x20 Src/stm32f1xx_hal_msp.o
 .debug_aranges
                0x00000340       0x48 Src/stm32f1xx_it.o

.debug_ranges   0x00000000      0x4d0
 .debug_ranges  0x00000000       0x20 Drivers/CMSIS/Device/ST/STM32F1xx/Source/Templates/gcc/startup_stm32f103xb.o
 .debug_ranges  0x00000020       0x18 Drivers/CMSIS/Device/ST/STM32F1xx/Source/Templates/system_stm32f1xx.o
 .debug_ranges  0x00000038       0x98 Drivers/STM32F1xx_HAL_Driver/Src/stm32f1xx_hal.o
 .debug_ranges  0x000000d0      0x130 Drivers/STM32F1xx_HAL_Driver/Src/stm32f1xx_hal_cortex.o
 .debug_ranges  0x00000200       0x68 Drivers/STM32F1xx_HAL_Driver/Src/stm32f1xx_hal_gpio.o
 .debug_ranges  0x00000268      0x148 Drivers/STM32F1xx_HAL_Driver/Src/stm32f1xx_hal_rcc.o
 .debug_ranges  0x000003b0       0x58 Src/LCD.o
 .debug_ranges  0x00000408       0x40 Src/gpio.o
 .debug_ranges  0x00000448       0x20 Src/main.o
 .debug_ranges  0x00000468       0x30 Src/stm32f1xx_hal_msp.o
 .debug_ranges  0x00000498       0x38 Src/stm32f1xx_it.o

.debug_loc      0x00000000     0x12ab
 .debug_loc     0x00000000       0xaa Drivers/CMSIS/Device/ST/STM32F1xx/Source/Templates/system_stm32f1xx.o
 .debug_loc     0x000000aa       0x73 Drivers/STM32F1xx_HAL_Driver/Src/stm32f1xx_hal.o
 .debug_loc     0x0000011d      0x48f Drivers/STM32F1xx_HAL_Driver/Src/stm32f1xx_hal_cortex.o
 .debug_loc     0x000005ac      0x2e8 Drivers/STM32F1xx_HAL_Driver/Src/stm32f1xx_hal_gpio.o
 .debug_loc     0x00000894      0x8a9 Drivers/STM32F1xx_HAL_Driver/Src/stm32f1xx_hal_rcc.o
 .debug_loc     0x0000113d      0x16e Src/LCD.o

.debug_macro    0x00000000    0x17fc8
 .debug_macro   0x00000000      0x293 Drivers/CMSIS/Device/ST/STM32F1xx/Source/Templates/system_stm32f1xx.o
 .debug_macro   0x00000293      0x886 Drivers/CMSIS/Device/ST/STM32F1xx/Source/Templates/system_stm32f1xx.o
 .debug_macro   0x00000b19       0x2e Drivers/CMSIS/Device/ST/STM32F1xx/Source/Templates/system_stm32f1xx.o
 .debug_macro   0x00000b47       0x22 Drivers/CMSIS/Device/ST/STM32F1xx/Source/Templates/system_stm32f1xx.o
 .debug_macro   0x00000b69       0x22 Drivers/CMSIS/Device/ST/STM32F1xx/Source/Templates/system_stm32f1xx.o
 .debug_macro   0x00000b8b       0x44 Drivers/CMSIS/Device/ST/STM32F1xx/Source/Templates/system_stm32f1xx.o
 .debug_macro   0x00000bcf       0xfd Drivers/CMSIS/Device/ST/STM32F1xx/Source/Templates/system_stm32f1xx.o
 .debug_macro   0x00000ccc       0x22 Drivers/CMSIS/Device/ST/STM32F1xx/Source/Templates/system_stm32f1xx.o
 .debug_macro   0x00000cee      0x1df Drivers/CMSIS/Device/ST/STM32F1xx/Source/Templates/system_stm32f1xx.o
 .debug_macro   0x00000ecd       0x34 Drivers/CMSIS/Device/ST/STM32F1xx/Source/Templates/system_stm32f1xx.o
 .debug_macro   0x00000f01       0x34 Drivers/CMSIS/Device/ST/STM32F1xx/Source/Templates/system_stm32f1xx.o
 .debug_macro   0x00000f35      0xb8e Drivers/CMSIS/Device/ST/STM32F1xx/Source/Templates/system_stm32f1xx.o
 .debug_macro   0x00001ac3     0xf2f7 Drivers/CMSIS/Device/ST/STM32F1xx/Source/Templates/system_stm32f1xx.o
 .debug_macro   0x00010dba       0x43 Drivers/CMSIS/Device/ST/STM32F1xx/Source/Templates/system_stm32f1xx.o
 .debug_macro   0x00010dfd      0x186 Drivers/CMSIS/Device/ST/STM32F1xx/Source/Templates/system_stm32f1xx.o
 .debug_macro   0x00010f83     0x3383 Drivers/CMSIS/Device/ST/STM32F1xx/Source/Templates/system_stm32f1xx.o
 .debug_macro   0x00014306       0x58 Drivers/CMSIS/Device/ST/STM32F1xx/Source/Templates/system_stm32f1xx.o
 .debug_macro   0x0001435e       0x35 Drivers/CMSIS/Device/ST/STM32F1xx/Source/Templates/system_stm32f1xx.o
 .debug_macro   0x00014393       0x9c Drivers/CMSIS/Device/ST/STM32F1xx/Source/Templates/system_stm32f1xx.o
 .debug_macro   0x0001442f       0x16 Drivers/CMSIS/Device/ST/STM32F1xx/Source/Templates/system_stm32f1xx.o
 .debug_macro   0x00014445       0x97 Drivers/CMSIS/Device/ST/STM32F1xx/Source/Templates/system_stm32f1xx.o
 .debug_macro   0x000144dc      0x329 Drivers/CMSIS/Device/ST/STM32F1xx/Source/Templates/system_stm32f1xx.o
 .debug_macro   0x00014805       0xfd Drivers/CMSIS/Device/ST/STM32F1xx/Source/Templates/system_stm32f1xx.o
 .debug_macro   0x00014902       0x10 Drivers/CMSIS/Device/ST/STM32F1xx/Source/Templates/system_stm32f1xx.o
 .debug_macro   0x00014912       0x52 Drivers/CMSIS/Device/ST/STM32F1xx/Source/Templates/system_stm32f1xx.o
 .debug_macro   0x00014964       0x16 Drivers/CMSIS/Device/ST/STM32F1xx/Source/Templates/system_stm32f1xx.o
 .debug_macro   0x0001497a       0x43 Drivers/CMSIS/Device/ST/STM32F1xx/Source/Templates/system_stm32f1xx.o
 .debug_macro   0x000149bd      0x187 Drivers/CMSIS/Device/ST/STM32F1xx/Source/Templates/system_stm32f1xx.o
 .debug_macro   0x00014b44       0x10 Drivers/CMSIS/Device/ST/STM32F1xx/Source/Templates/system_stm32f1xx.o
 .debug_macro   0x00014b54       0x22 Drivers/CMSIS/Device/ST/STM32F1xx/Source/Templates/system_stm32f1xx.o
 .debug_macro   0x00014b76       0x3a Drivers/CMSIS/Device/ST/STM32F1xx/Source/Templates/system_stm32f1xx.o
 .debug_macro   0x00014bb0       0x10 Drivers/CMSIS/Device/ST/STM32F1xx/Source/Templates/system_stm32f1xx.o
 .debug_macro   0x00014bc0       0x40 Drivers/CMSIS/Device/ST/STM32F1xx/Source/Templates/system_stm32f1xx.o
 .debug_macro   0x00014c00       0x65 Drivers/CMSIS/Device/ST/STM32F1xx/Source/Templates/system_stm32f1xx.o
 .debug_macro   0x00014c65       0x16 Drivers/CMSIS/Device/ST/STM32F1xx/Source/Templates/system_stm32f1xx.o
 .debug_macro   0x00014c7b      0x197 Drivers/CMSIS/Device/ST/STM32F1xx/Source/Templates/system_stm32f1xx.o
 .debug_macro   0x00014e12       0x50 Drivers/CMSIS/Device/ST/STM32F1xx/Source/Templates/system_stm32f1xx.o
 .debug_macro   0x00014e62      0x778 Drivers/CMSIS/Device/ST/STM32F1xx/Source/Templates/system_stm32f1xx.o
 .debug_macro   0x000155da      0x28b Drivers/CMSIS/Device/ST/STM32F1xx/Source/Templates/system_stm32f1xx.o
 .debug_macro   0x00015865      0x141 Drivers/CMSIS/Device/ST/STM32F1xx/Source/Templates/system_stm32f1xx.o
 .debug_macro   0x000159a6      0x197 Drivers/CMSIS/Device/ST/STM32F1xx/Source/Templates/system_stm32f1xx.o
 .debug_macro   0x00015b3d      0x1ae Drivers/CMSIS/Device/ST/STM32F1xx/Source/Templates/system_stm32f1xx.o
 .debug_macro   0x00015ceb       0x2d Drivers/CMSIS/Device/ST/STM32F1xx/Source/Templates/system_stm32f1xx.o
 .debug_macro   0x00015d18       0x3c Drivers/CMSIS/Device/ST/STM32F1xx/Source/Templates/system_stm32f1xx.o
 .debug_macro   0x00015d54       0x57 Drivers/CMSIS/Device/ST/STM32F1xx/Source/Templates/system_stm32f1xx.o
 .debug_macro   0x00015dab       0x8c Drivers/CMSIS/Device/ST/STM32F1xx/Source/Templates/system_stm32f1xx.o
 .debug_macro   0x00015e37      0x242 Drivers/CMSIS/Device/ST/STM32F1xx/Source/Templates/system_stm32f1xx.o
 .debug_macro   0x00016079      0x143 Drivers/CMSIS/Device/ST/STM32F1xx/Source/Templates/system_stm32f1xx.o
 .debug_macro   0x000161bc       0x7c Drivers/CMSIS/Device/ST/STM32F1xx/Source/Templates/system_stm32f1xx.o
 .debug_macro   0x00016238      0x2b1 Drivers/STM32F1xx_HAL_Driver/Src/stm32f1xx_hal.o
 .debug_macro   0x000164e9      0x28d Drivers/STM32F1xx_HAL_Driver/Src/stm32f1xx_hal_cortex.o
 .debug_macro   0x00016776      0x2fd Drivers/STM32F1xx_HAL_Driver/Src/stm32f1xx_hal_gpio.o
 .debug_macro   0x00016a73      0x2b1 Drivers/STM32F1xx_HAL_Driver/Src/stm32f1xx_hal_rcc.o
 .debug_macro   0x00016d24      0x2a9 Src/LCD.o
 .debug_macro   0x00016fcd       0x4a Src/LCD.o
 .debug_macro   0x00017017      0x1e1 Src/LCD.o
 .debug_macro   0x000171f8      0x1ae Src/LCD.o
 .debug_macro   0x000173a6      0x297 Src/gpio.o
 .debug_macro   0x0001763d      0x2b9 Src/main.o
 .debug_macro   0x000178f6      0x1ae Src/main.o
 .debug_macro   0x00017aa4      0x28d Src/stm32f1xx_hal_msp.o
 .debug_macro   0x00017d31      0x297 Src/stm32f1xx_it.o

.debug_str      0x00000000    0x84ce1
 .debug_str     0x00000000    0x827bf Drivers/CMSIS/Device/ST/STM32F1xx/Source/Templates/system_stm32f1xx.o
                              0x82b10 (size before relaxing)
 .debug_str     0x000827bf      0x59a Drivers/STM32F1xx_HAL_Driver/Src/stm32f1xx_hal.o
                              0x830c1 (size before relaxing)
 .debug_str     0x00082d59      0x267 Drivers/STM32F1xx_HAL_Driver/Src/stm32f1xx_hal_cortex.o
                              0x830cb (size before relaxing)
 .debug_str     0x00082fc0      0x460 Drivers/STM32F1xx_HAL_Driver/Src/stm32f1xx_hal_gpio.o
                              0x82eb0 (size before relaxing)
 .debug_str     0x00083420      0x3bd Drivers/STM32F1xx_HAL_Driver/Src/stm32f1xx_hal_rcc.o
                              0x82f22 (size before relaxing)
 .debug_str     0x000837dd     0x13e5 Src/LCD.o
                              0x83df3 (size before relaxing)
 .debug_str     0x00084bc2       0x35 Src/gpio.o
                              0x82aa2 (size before relaxing)
 .debug_str     0x00084bf7       0x34 Src/main.o
                              0x84204 (size before relaxing)
 .debug_str     0x00084c2b       0x27 Src/stm32f1xx_hal_msp.o
                              0x82d41 (size before relaxing)
 .debug_str     0x00084c52       0x8f Src/stm32f1xx_it.o
                              0x82a3d (size before relaxing)

.comment        0x00000000       0x6e
 .comment       0x00000000       0x6e Drivers/CMSIS/Device/ST/STM32F1xx/Source/Templates/system_stm32f1xx.o
                                 0x6f (size before relaxing)
 .comment       0x0000006e       0x6f Drivers/STM32F1xx_HAL_Driver/Src/stm32f1xx_hal.o
 .comment       0x0000006e       0x6f Drivers/STM32F1xx_HAL_Driver/Src/stm32f1xx_hal_cortex.o
 .comment       0x0000006e       0x6f Drivers/STM32F1xx_HAL_Driver/Src/stm32f1xx_hal_gpio.o
 .comment       0x0000006e       0x6f Drivers/STM32F1xx_HAL_Driver/Src/stm32f1xx_hal_rcc.o
 .comment       0x0000006e       0x6f Src/LCD.o
 .comment       0x0000006e       0x6f Src/gpio.o
 .comment       0x0000006e       0x6f Src/main.o
 .comment       0x0000006e       0x6f Src/stm32f1xx_hal_msp.o
 .comment       0x0000006e       0x6f Src/stm32f1xx_it.o

.debug_frame    0x00000000      0x760
 .debug_frame   0x00000000       0x30 Drivers/CMSIS/Device/ST/STM32F1xx/Source/Templates/system_stm32f1xx.o
 .debug_frame   0x00000030      0x164 Drivers/STM32F1xx_HAL_Driver/Src/stm32f1xx_hal.o
 .debug_frame   0x00000194      0x120 Drivers/STM32F1xx_HAL_Driver/Src/stm32f1xx_hal_cortex.o
 .debug_frame   0x000002b4       0xd4 Drivers/STM32F1xx_HAL_Driver/Src/stm32f1xx_hal_gpio.o
 .debug_frame   0x00000388      0x14c Drivers/STM32F1xx_HAL_Driver/Src/stm32f1xx_hal_rcc.o
 .debug_frame   0x000004d4      0x104 Src/LCD.o
 .debug_frame   0x000005d8       0x30 Src/gpio.o
 .debug_frame   0x00000608       0x58 Src/main.o
 .debug_frame   0x00000660       0x28 Src/stm32f1xx_hal_msp.o
 .debug_frame   0x00000688       0xac Src/stm32f1xx_it.o
 .debug_frame   0x00000734       0x2c c:/neon/eclipse/plugins/fr.ac6.mcu.externaltools.arm-none.win32_1.7.0.201602121829/tools/compiler/bin/../lib/gcc/arm-none-eabi/5.2.1/../../../../arm-none-eabi/lib/armv7-m\libc_nano.a(lib_a-init.o)
