Archive member included to satisfy reference by file (symbol)

c:/mars/plugins/fr.ac6.mcu.externaltools.arm-none.win32_1.7.0.201602121829/tools/compiler/bin/../lib/gcc/arm-none-eabi/5.2.1/armv7-m\libgcc.a(_lshrdi3.o)
                              Drivers/STM32F1xx_HAL_Driver/stm32f1xx_hal_flash.o (__aeabi_llsr)
c:/mars/plugins/fr.ac6.mcu.externaltools.arm-none.win32_1.7.0.201602121829/tools/compiler/bin/../lib/gcc/arm-none-eabi/5.2.1/../../../../arm-none-eabi/lib/armv7-m\libc_nano.a(lib_a-exit.o)
                              c:/mars/plugins/fr.ac6.mcu.externaltools.arm-none.win32_1.7.0.201602121829/tools/compiler/bin/../lib/gcc/arm-none-eabi/5.2.1/../../../../arm-none-eabi/lib/armv7-m/crt0.o (exit)
c:/mars/plugins/fr.ac6.mcu.externaltools.arm-none.win32_1.7.0.201602121829/tools/compiler/bin/../lib/gcc/arm-none-eabi/5.2.1/../../../../arm-none-eabi/lib/armv7-m\libc_nano.a(lib_a-impure.o)
                              c:/mars/plugins/fr.ac6.mcu.externaltools.arm-none.win32_1.7.0.201602121829/tools/compiler/bin/../lib/gcc/arm-none-eabi/5.2.1/../../../../arm-none-eabi/lib/armv7-m\libc_nano.a(lib_a-exit.o) (_global_impure_ptr)
c:/mars/plugins/fr.ac6.mcu.externaltools.arm-none.win32_1.7.0.201602121829/tools/compiler/bin/../lib/gcc/arm-none-eabi/5.2.1/../../../../arm-none-eabi/lib/armv7-m\libc_nano.a(lib_a-init.o)
                              c:/mars/plugins/fr.ac6.mcu.externaltools.arm-none.win32_1.7.0.201602121829/tools/compiler/bin/../lib/gcc/arm-none-eabi/5.2.1/../../../../arm-none-eabi/lib/armv7-m/crt0.o (__libc_init_array)
c:/mars/plugins/fr.ac6.mcu.externaltools.arm-none.win32_1.7.0.201602121829/tools/compiler/bin/../lib/gcc/arm-none-eabi/5.2.1/../../../../arm-none-eabi/lib/armv7-m\libc_nano.a(lib_a-memset.o)
                              c:/mars/plugins/fr.ac6.mcu.externaltools.arm-none.win32_1.7.0.201602121829/tools/compiler/bin/../lib/gcc/arm-none-eabi/5.2.1/../../../../arm-none-eabi/lib/armv7-m/crt0.o (memset)
c:/mars/plugins/fr.ac6.mcu.externaltools.arm-none.win32_1.7.0.201602121829/tools/compiler/bin/../lib/gcc/arm-none-eabi/5.2.1/../../../../arm-none-eabi/lib/armv7-m\libnosys.a(_exit.o)
                              c:/mars/plugins/fr.ac6.mcu.externaltools.arm-none.win32_1.7.0.201602121829/tools/compiler/bin/../lib/gcc/arm-none-eabi/5.2.1/../../../../arm-none-eabi/lib/armv7-m\libc_nano.a(lib_a-exit.o) (_exit)

Allocating common symbols
Common symbol       size              file

hi2c2               0x3c              Application/User/i2c.o
pFlash              0x20              Drivers/STM32F1xx_HAL_Driver/stm32f1xx_hal_flash.o
htim1               0x3c              Application/User/tim.o

Discarded input sections

 .text          0x00000000        0x0 c:/mars/plugins/fr.ac6.mcu.externaltools.arm-none.win32_1.7.0.201602121829/tools/compiler/bin/../lib/gcc/arm-none-eabi/5.2.1/armv7-m/crti.o
 .data          0x00000000        0x0 c:/mars/plugins/fr.ac6.mcu.externaltools.arm-none.win32_1.7.0.201602121829/tools/compiler/bin/../lib/gcc/arm-none-eabi/5.2.1/armv7-m/crti.o
 .bss           0x00000000        0x0 c:/mars/plugins/fr.ac6.mcu.externaltools.arm-none.win32_1.7.0.201602121829/tools/compiler/bin/../lib/gcc/arm-none-eabi/5.2.1/armv7-m/crti.o
 .data          0x00000000        0x4 c:/mars/plugins/fr.ac6.mcu.externaltools.arm-none.win32_1.7.0.201602121829/tools/compiler/bin/../lib/gcc/arm-none-eabi/5.2.1/armv7-m/crtbegin.o
 .text          0x00000000       0x74 c:/mars/plugins/fr.ac6.mcu.externaltools.arm-none.win32_1.7.0.201602121829/tools/compiler/bin/../lib/gcc/arm-none-eabi/5.2.1/../../../../arm-none-eabi/lib/armv7-m/crt0.o
 .data          0x00000000        0x0 c:/mars/plugins/fr.ac6.mcu.externaltools.arm-none.win32_1.7.0.201602121829/tools/compiler/bin/../lib/gcc/arm-none-eabi/5.2.1/../../../../arm-none-eabi/lib/armv7-m/crt0.o
 .bss           0x00000000        0x0 c:/mars/plugins/fr.ac6.mcu.externaltools.arm-none.win32_1.7.0.201602121829/tools/compiler/bin/../lib/gcc/arm-none-eabi/5.2.1/../../../../arm-none-eabi/lib/armv7-m/crt0.o
 .ARM.extab     0x00000000        0x0 c:/mars/plugins/fr.ac6.mcu.externaltools.arm-none.win32_1.7.0.201602121829/tools/compiler/bin/../lib/gcc/arm-none-eabi/5.2.1/../../../../arm-none-eabi/lib/armv7-m/crt0.o
 .ARM.exidx     0x00000000        0x8 c:/mars/plugins/fr.ac6.mcu.externaltools.arm-none.win32_1.7.0.201602121829/tools/compiler/bin/../lib/gcc/arm-none-eabi/5.2.1/../../../../arm-none-eabi/lib/armv7-m/crt0.o
 .ARM.attributes
                0x00000000       0x1b c:/mars/plugins/fr.ac6.mcu.externaltools.arm-none.win32_1.7.0.201602121829/tools/compiler/bin/../lib/gcc/arm-none-eabi/5.2.1/../../../../arm-none-eabi/lib/armv7-m/crt0.o
 .text          0x00000000       0x14 Application/SW4STM32/startup_stm32f103xb.o
 .data          0x00000000        0x0 Application/SW4STM32/startup_stm32f103xb.o
 .bss           0x00000000        0x0 Application/SW4STM32/startup_stm32f103xb.o
 .group         0x00000000        0x8 Application/User/gpio.o
[...]
Memory Configuration

Name             Origin             Length             Attributes
FLASH            0x08000000         0x00020000         xr
RAM              0x20000000         0x00005000         xrw
*default*        0x00000000         0xffffffff

Linker script and memory map

LOAD c:/mars/plugins/fr.ac6.mcu.externaltools.arm-none.win32_1.7.0.201602121829/tools/compiler/bin/../lib/gcc/arm-none-eabi/5.2.1/armv7-m/crti.o
LOAD c:/mars/plugins/fr.ac6.mcu.externaltools.arm-none.win32_1.7.0.201602121829/tools/compiler/bin/../lib/gcc/arm-none-eabi/5.2.1/armv7-m/crtbegin.o
LOAD c:/mars/plugins/fr.ac6.mcu.externaltools.arm-none.win32_1.7.0.201602121829/tools/compiler/bin/../lib/gcc/arm-none-eabi/5.2.1/../../../../arm-none-eabi/lib/armv7-m/crt0.o
LOAD c:/mars/plugins/fr.ac6.mcu.externaltools.arm-none.win32_1.7.0.201602121829/tools/compiler/bin/../lib/gcc/arm-none-eabi/5.2.1/../../../../arm-none-eabi/lib/armv7-m\libm.a
LOAD Application/SW4STM32/startup_stm32f103xb.o
LOAD Application/User/gpio.o
LOAD Application/User/i2c.o
LOAD Application/User/main.o
LOAD Application/User/stm32f1xx_hal_msp.o
LOAD Application/User/stm32f1xx_it.o
LOAD Application/User/tim.o
LOAD Drivers/CMSIS/system_stm32f1xx.o
LOAD Drivers/STM32F1xx_HAL_Driver/stm32f1xx_hal.o
LOAD Drivers/STM32F1xx_HAL_Driver/stm32f1xx_hal_cortex.o
LOAD Drivers/STM32F1xx_HAL_Driver/stm32f1xx_hal_dma.o
LOAD Drivers/STM32F1xx_HAL_Driver/stm32f1xx_hal_flash.o
LOAD Drivers/STM32F1xx_HAL_Driver/stm32f1xx_hal_flash_ex.o
LOAD Drivers/STM32F1xx_HAL_Driver/stm32f1xx_hal_gpio.o
LOAD Drivers/STM32F1xx_HAL_Driver/stm32f1xx_hal_gpio_ex.o
LOAD Drivers/STM32F1xx_HAL_Driver/stm32f1xx_hal_i2c.o
LOAD Drivers/STM32F1xx_HAL_Driver/stm32f1xx_hal_pwr.o
LOAD Drivers/STM32F1xx_HAL_Driver/stm32f1xx_hal_rcc.o
LOAD Drivers/STM32F1xx_HAL_Driver/stm32f1xx_hal_rcc_ex.o
LOAD Drivers/STM32F1xx_HAL_Driver/stm32f1xx_hal_tim.o
LOAD Drivers/STM32F1xx_HAL_Driver/stm32f1xx_hal_tim_ex.o
START GROUP
LOAD c:/mars/plugins/fr.ac6.mcu.externaltools.arm-none.win32_1.7.0.201602121829/tools/compiler/bin/../lib/gcc/arm-none-eabi/5.2.1/armv7-m\libgcc.a
LOAD c:/mars/plugins/fr.ac6.mcu.externaltools.arm-none.win32_1.7.0.201602121829/tools/compiler/bin/../lib/gcc/arm-none-eabi/5.2.1/../../../../arm-none-eabi/lib/armv7-m\libc_nano.a
END GROUP
START GROUP
LOAD c:/mars/plugins/fr.ac6.mcu.externaltools.arm-none.win32_1.7.0.201602121829/tools/compiler/bin/../lib/gcc/arm-none-eabi/5.2.1/armv7-m\libgcc.a
LOAD c:/mars/plugins/fr.ac6.mcu.externaltools.arm-none.win32_1.7.0.201602121829/tools/compiler/bin/../lib/gcc/arm-none-eabi/5.2.1/../../../../arm-none-eabi/lib/armv7-m\libc_nano.a
LOAD c:/mars/plugins/fr.ac6.mcu.externaltools.arm-none.win32_1.7.0.201602121829/tools/compiler/bin/../lib/gcc/arm-none-eabi/5.2.1/../../../../arm-none-eabi/lib/armv7-m\libnosys.a
END GROUP
START GROUP
LOAD c:/mars/plugins/fr.ac6.mcu.externaltools.arm-none.win32_1.7.0.201602121829/tools/compiler/bin/../lib/gcc/arm-none-eabi/5.2.1/armv7-m\libgcc.a
LOAD c:/mars/plugins/fr.ac6.mcu.externaltools.arm-none.win32_1.7.0.201602121829/tools/compiler/bin/../lib/gcc/arm-none-eabi/5.2.1/../../../../arm-none-eabi/lib/armv7-m\libc_nano.a
LOAD c:/mars/plugins/fr.ac6.mcu.externaltools.arm-none.win32_1.7.0.201602121829/tools/compiler/bin/../lib/gcc/arm-none-eabi/5.2.1/../../../../arm-none-eabi/lib/armv7-m\libnosys.a
END GROUP
LOAD c:/mars/plugins/fr.ac6.mcu.externaltools.arm-none.win32_1.7.0.201602121829/tools/compiler/bin/../lib/gcc/arm-none-eabi/5.2.1/armv7-m/crtend.o
LOAD c:/mars/plugins/fr.ac6.mcu.externaltools.arm-none.win32_1.7.0.201602121829/tools/compiler/bin/../lib/gcc/arm-none-eabi/5.2.1/armv7-m/crtn.o
                0x20005000                _estack = 0x20005000
                0x00000200                _Min_Heap_Size = 0x200
                0x00000400                _Min_Stack_Size = 0x400

.isr_vector     0x08000000      0x10c
                0x08000000                . = ALIGN (0x4)
 *(.isr_vector)
 .isr_vector    0x08000000      0x10c Application/SW4STM32/startup_stm32f103xb.o
                0x08000000                g_pfnVectors
                0x0800010c                . = ALIGN (0x4)

.text           0x0800010c     0x154c
                0x0800010c                . = ALIGN (0x4)
 *(.text)
 .text          0x0800010c       0xa4 c:/mars/plugins/fr.ac6.mcu.externaltools.arm-none.win32_1.7.0.201602121829/tools/compiler/bin/../lib/gcc/arm-none-eabi/5.2.1/armv7-m/crtbegin.o
 *(.text*)
 .text.Reset_Handler
                0x080001b0       0x48 Application/SW4STM32/startup_stm32f103xb.o
                0x080001b0                Reset_Handler
 .text.Default_Handler
                0x080001f8        0x2 Application/SW4STM32/startup_stm32f103xb.o
                0x080001f8                RTC_Alarm_IRQHandler
                0x080001f8                EXTI2_IRQHandler
                0x080001f8                DebugMon_Handler
                0x080001f8                TIM1_CC_IRQHandler
                0x080001f8                HardFault_Handler
                0x080001f8                PVD_IRQHandler
                0x080001f8                PendSV_Handler
                0x080001f8                NMI_Handler
                0x080001f8                EXTI3_IRQHandler
                0x080001f8                EXTI0_IRQHandler
                0x080001f8                I2C2_EV_IRQHandler
                0x080001f8                UsageFault_Handler
                0x080001f8                ADC1_2_IRQHandler
                0x080001f8                SPI1_IRQHandler
                0x080001f8                TAMPER_IRQHandler
                0x080001f8                DMA1_Channel4_IRQHandler
                0x080001f8                USART3_IRQHandler
                0x080001f8                RTC_IRQHandler
                0x080001f8                DMA1_Channel7_IRQHandler
                0x080001f8                CAN1_RX1_IRQHandler
                0x080001f8                TIM4_IRQHandler
                0x080001f8                I2C1_EV_IRQHandler
                0x080001f8                DMA1_Channel6_IRQHandler
                0x080001f8                TIM3_IRQHandler
                0x080001f8                RCC_IRQHandler
                0x080001f8                TIM1_TRG_COM_IRQHandler
                0x080001f8                DMA1_Channel1_IRQHandler
                0x080001f8                Default_Handler
                0x080001f8                EXTI15_10_IRQHandler
                0x080001f8                EXTI9_5_IRQHandler
                0x080001f8                SPI2_IRQHandler
                0x080001f8                MemManage_Handler
                0x080001f8                SVC_Handler
                0x080001f8                DMA1_Channel5_IRQHandler
                0x080001f8                EXTI4_IRQHandler
                0x080001f8                USB_LP_CAN1_RX0_IRQHandler
                0x080001f8                USB_HP_CAN1_TX_IRQHandler
                0x080001f8                DMA1_Channel3_IRQHandler
                0x080001f8                TIM1_UP_IRQHandler
                0x080001f8                WWDG_IRQHandler
                0x080001f8                TIM2_IRQHandler
                0x080001f8                TIM1_BRK_IRQHandler
                0x080001f8                EXTI1_IRQHandler
                0x080001f8                USART2_IRQHandler
                0x080001f8                I2C2_ER_IRQHandler
                0x080001f8                DMA1_Channel2_IRQHandler
                0x080001f8                CAN1_SCE_IRQHandler
                0x080001f8                FLASH_IRQHandler
                0x080001f8                BusFault_Handler
                0x080001f8                USART1_IRQHandler
                0x080001f8                I2C1_ER_IRQHandler
                0x080001f8                USBWakeUp_IRQHandler
 *fill*         0x080001fa        0x2 
 .text.MX_GPIO_Init
                0x080001fc       0x30 Application/User/gpio.o
                0x080001fc                MX_GPIO_Init
 .text.MX_I2C2_Init
                0x0800022c       0x30 Application/User/i2c.o
                0x0800022c                MX_I2C2_Init
 .text.HAL_I2C_MspInit
                0x0800025c       0x48 Application/User/i2c.o
                0x0800025c                HAL_I2C_MspInit
 .text.SystemClock_Config
                0x080002a4       0x60 Application/User/main.o
                0x080002a4                SystemClock_Config
 .text.startup.main
                0x08000304       0x48 Application/User/main.o
                0x08000304                main
 .text.HAL_MspInit
                0x0800034c       0x44 Application/User/stm32f1xx_hal_msp.o
                0x0800034c                HAL_MspInit
 .text.SysTick_Handler
                0x08000390        0xe Application/User/stm32f1xx_it.o
                0x08000390                SysTick_Handler
 *fill*         0x0800039e        0x2 
 .text.MX_TIM1_Init
                0x080003a0       0x94 Application/User/tim.o
                0x080003a0                MX_TIM1_Init
 .text.HAL_TIM_Base_MspInit
                0x08000434       0x44 Application/User/tim.o
                0x08000434                HAL_TIM_Base_MspInit
 .text.SystemInit
                0x08000478       0x4c Drivers/CMSIS/system_stm32f1xx.o
                0x08000478                SystemInit
 .text.HAL_InitTick
                0x080004c4       0x24 Drivers/STM32F1xx_HAL_Driver/stm32f1xx_hal.o
                0x080004c4                HAL_InitTick
 .text.HAL_Init
                0x080004e8       0x24 Drivers/STM32F1xx_HAL_Driver/stm32f1xx_hal.o
                0x080004e8                HAL_Init
 .text.HAL_IncTick
                0x0800050c       0x10 Drivers/STM32F1xx_HAL_Driver/stm32f1xx_hal.o
                0x0800050c                HAL_IncTick
 .text.HAL_GetTick
                0x0800051c        0xc Drivers/STM32F1xx_HAL_Driver/stm32f1xx_hal.o
                0x0800051c                HAL_GetTick
 .text.HAL_Delay
                0x08000528       0x1a Drivers/STM32F1xx_HAL_Driver/stm32f1xx_hal.o
                0x08000528                HAL_Delay
 *fill*         0x08000542        0x2 
 .text.HAL_NVIC_SetPriorityGrouping
                0x08000544       0x24 Drivers/STM32F1xx_HAL_Driver/stm32f1xx_hal_cortex.o
                0x08000544                HAL_NVIC_SetPriorityGrouping
 .text.HAL_NVIC_SetPriority
                0x08000568       0x68 Drivers/STM32F1xx_HAL_Driver/stm32f1xx_hal_cortex.o
                0x08000568                HAL_NVIC_SetPriority
 .text.HAL_SYSTICK_Config
                0x080005d0       0x2c Drivers/STM32F1xx_HAL_Driver/stm32f1xx_hal_cortex.o
                0x080005d0                HAL_SYSTICK_Config
 .text.HAL_SYSTICK_CLKSourceConfig
                0x080005fc       0x18 Drivers/STM32F1xx_HAL_Driver/stm32f1xx_hal_cortex.o
                0x080005fc                HAL_SYSTICK_CLKSourceConfig
 .text.HAL_SYSTICK_Callback
                0x08000614        0x2 Drivers/STM32F1xx_HAL_Driver/stm32f1xx_hal_cortex.o
                0x08000614                HAL_SYSTICK_Callback
 .text.HAL_SYSTICK_IRQHandler
                0x08000616        0x8 Drivers/STM32F1xx_HAL_Driver/stm32f1xx_hal_cortex.o
                0x08000616                HAL_SYSTICK_IRQHandler
 *fill*         0x0800061e        0x2 
 .text.HAL_GPIO_Init
                0x08000620      0x1b0 Drivers/STM32F1xx_HAL_Driver/stm32f1xx_hal_gpio.o
                0x08000620                HAL_GPIO_Init
 .text.HAL_I2C_Init
                0x080007d0       0xd0 Drivers/STM32F1xx_HAL_Driver/stm32f1xx_hal_i2c.o
                0x080007d0                HAL_I2C_Init
 .text.HAL_RCC_OscConfig
                0x080008a0      0x568 Drivers/STM32F1xx_HAL_Driver/stm32f1xx_hal_rcc.o
                0x080008a0                HAL_RCC_OscConfig
 .text.HAL_RCC_ClockConfig
                0x08000e08      0x1dc Drivers/STM32F1xx_HAL_Driver/stm32f1xx_hal_rcc.o
                0x08000e08                HAL_RCC_ClockConfig
 .text.HAL_RCC_GetSysClockFreq
                0x08000fe4       0x90 Drivers/STM32F1xx_HAL_Driver/stm32f1xx_hal_rcc.o
                0x08000fe4                HAL_RCC_GetSysClockFreq
 .text.HAL_RCC_GetHCLKFreq
                0x08001074       0x34 Drivers/STM32F1xx_HAL_Driver/stm32f1xx_hal_rcc.o
                0x08001074                HAL_RCC_GetHCLKFreq
 .text.HAL_RCC_GetPCLK1Freq
                0x080010a8       0x30 Drivers/STM32F1xx_HAL_Driver/stm32f1xx_hal_rcc.o
                0x080010a8                HAL_RCC_GetPCLK1Freq
 .text.TIM_OC1_SetConfig
                0x080010d8       0x50 Drivers/STM32F1xx_HAL_Driver/stm32f1xx_hal_tim.o
 .text.TIM_OC3_SetConfig
                0x08001128       0x58 Drivers/STM32F1xx_HAL_Driver/stm32f1xx_hal_tim.o
 .text.TIM_OC4_SetConfig
                0x08001180       0x44 Drivers/STM32F1xx_HAL_Driver/stm32f1xx_hal_tim.o
 .text.HAL_TIM_PWM_MspInit
                0x080011c4        0x2 Drivers/STM32F1xx_HAL_Driver/stm32f1xx_hal_tim.o
                0x080011c4                HAL_TIM_PWM_MspInit
 .text.HAL_TIM_ConfigClockSource
                0x080011c6      0x174 Drivers/STM32F1xx_HAL_Driver/stm32f1xx_hal_tim.o
                0x080011c6                HAL_TIM_ConfigClockSource
 *fill*         0x0800133a        0x2 
 .text.TIM_Base_SetConfig
                0x0800133c       0x68 Drivers/STM32F1xx_HAL_Driver/stm32f1xx_hal_tim.o
                0x0800133c                TIM_Base_SetConfig
 .text.HAL_TIM_Base_Init
                0x080013a4       0x34 Drivers/STM32F1xx_HAL_Driver/stm32f1xx_hal_tim.o
                0x080013a4                HAL_TIM_Base_Init
 .text.HAL_TIM_PWM_Init
                0x080013d8       0x34 Drivers/STM32F1xx_HAL_Driver/stm32f1xx_hal_tim.o
                0x080013d8                HAL_TIM_PWM_Init
 .text.TIM_OC2_SetConfig
                0x0800140c       0x58 Drivers/STM32F1xx_HAL_Driver/stm32f1xx_hal_tim.o
                0x0800140c                TIM_OC2_SetConfig
 .text.HAL_TIM_PWM_ConfigChannel
                0x08001464       0xc6 Drivers/STM32F1xx_HAL_Driver/stm32f1xx_hal_tim.o
                0x08001464                HAL_TIM_PWM_ConfigChannel
 .text.TIM_CCxChannelCmd
                0x0800152a       0x1a Drivers/STM32F1xx_HAL_Driver/stm32f1xx_hal_tim.o
                0x0800152a                TIM_CCxChannelCmd
 .text.HAL_TIM_PWM_Start
                0x08001544       0x2c Drivers/STM32F1xx_HAL_Driver/stm32f1xx_hal_tim.o
                0x08001544                HAL_TIM_PWM_Start
 .text.HAL_TIMEx_ConfigBreakDeadTime
                0x08001570       0x40 Drivers/STM32F1xx_HAL_Driver/stm32f1xx_hal_tim_ex.o
                0x08001570                HAL_TIMEx_ConfigBreakDeadTime
 .text.HAL_TIMEx_MasterConfigSynchronization
                0x080015b0       0x44 Drivers/STM32F1xx_HAL_Driver/stm32f1xx_hal_tim_ex.o
                0x080015b0                HAL_TIMEx_MasterConfigSynchronization
 .text.__libc_init_array
                0x080015f4       0x4c c:/mars/plugins/fr.ac6.mcu.externaltools.arm-none.win32_1.7.0.201602121829/tools/compiler/bin/../lib/gcc/arm-none-eabi/5.2.1/../../../../arm-none-eabi/lib/armv7-m\libc_nano.a(lib_a-init.o)
                0x080015f4                __libc_init_array
 *(.glue_7)
 .glue_7        0x08001640        0x0 linker stubs
 *(.glue_7t)
 .glue_7t       0x08001640        0x0 linker stubs
 *(.eh_frame)
 .eh_frame      0x08001640        0x0 c:/mars/plugins/fr.ac6.mcu.externaltools.arm-none.win32_1.7.0.201602121829/tools/compiler/bin/../lib/gcc/arm-none-eabi/5.2.1/armv7-m/crtbegin.o
 *(.init)
 .init          0x08001640        0x4 c:/mars/plugins/fr.ac6.mcu.externaltools.arm-none.win32_1.7.0.201602121829/tools/compiler/bin/../lib/gcc/arm-none-eabi/5.2.1/armv7-m/crti.o
                0x08001640                _init
 .init          0x08001644        0x8 c:/mars/plugins/fr.ac6.mcu.externaltools.arm-none.win32_1.7.0.201602121829/tools/compiler/bin/../lib/gcc/arm-none-eabi/5.2.1/armv7-m/crtn.o
 *(.fini)
 .fini          0x0800164c        0x4 c:/mars/plugins/fr.ac6.mcu.externaltools.arm-none.win32_1.7.0.201602121829/tools/compiler/bin/../lib/gcc/arm-none-eabi/5.2.1/armv7-m/crti.o
                0x0800164c                _fini
 .fini          0x08001650        0x8 c:/mars/plugins/fr.ac6.mcu.externaltools.arm-none.win32_1.7.0.201602121829/tools/compiler/bin/../lib/gcc/arm-none-eabi/5.2.1/armv7-m/crtn.o
                0x08001658                . = ALIGN (0x4)
                0x08001658                _etext = .

.vfp11_veneer   0x08001658        0x0
 .vfp11_veneer  0x08001658        0x0 linker stubs

.v4_bx          0x08001658        0x0
 .v4_bx         0x08001658        0x0 linker stubs

.iplt           0x08001658        0x0
 .iplt          0x08001658        0x0 c:/mars/plugins/fr.ac6.mcu.externaltools.arm-none.win32_1.7.0.201602121829/tools/compiler/bin/../lib/gcc/arm-none-eabi/5.2.1/armv7-m/crtbegin.o

.rodata         0x08001658       0x24
                0x08001658                . = ALIGN (0x4)
 *(.rodata)
 .rodata        0x08001658       0x22 Drivers/STM32F1xx_HAL_Driver/stm32f1xx_hal_rcc.o
                0x0800166a                aAPBAHBPrescTable
 *(.rodata*)
                0x0800167c                . = ALIGN (0x4)
 *fill*         0x0800167a        0x2 

.rel.dyn        0x0800167c        0x0
 .rel.iplt      0x0800167c        0x0 c:/mars/plugins/fr.ac6.mcu.externaltools.arm-none.win32_1.7.0.201602121829/tools/compiler/bin/../lib/gcc/arm-none-eabi/5.2.1/armv7-m/crtbegin.o

.ARM.extab
 *(.ARM.extab* .gnu.linkonce.armextab.*)

.ARM            0x0800167c        0x0
                0x0800167c                __exidx_start = .
 *(.ARM.exidx*)
                0x0800167c                __exidx_end = .

.preinit_array  0x0800167c        0x0
                0x0800167c                PROVIDE (__preinit_array_start, .)
 *(.preinit_array*)
                0x0800167c                PROVIDE (__preinit_array_end, .)

.init_array     0x0800167c        0x4
                0x0800167c                PROVIDE (__init_array_start, .)
 *(SORT(.init_array.*))
 *(.init_array*)
 .init_array    0x0800167c        0x4 c:/mars/plugins/fr.ac6.mcu.externaltools.arm-none.win32_1.7.0.201602121829/tools/compiler/bin/../lib/gcc/arm-none-eabi/5.2.1/armv7-m/crtbegin.o
                0x08001680                PROVIDE (__init_array_end, .)

.fini_array     0x08001680        0x4
                [!provide]                PROVIDE (__fini_array_start, .)
 *(SORT(.fini_array.*))
 *(.fini_array*)
 .fini_array    0x08001680        0x4 c:/mars/plugins/fr.ac6.mcu.externaltools.arm-none.win32_1.7.0.201602121829/tools/compiler/bin/../lib/gcc/arm-none-eabi/5.2.1/armv7-m/crtbegin.o
                [!provide]                PROVIDE (__fini_array_end, .)
                0x08001684                _sidata = LOADADDR (.data)

.data           0x20000000        0x4 load address 0x08001684
                0x20000000                . = ALIGN (0x4)
                0x20000000                _sdata = .
 *(.data)
 .data          0x20000000        0x4 Drivers/CMSIS/system_stm32f1xx.o
                0x20000000                SystemCoreClock
 *(.data*)
                0x20000004                . = ALIGN (0x4)
                0x20000004                _edata = .

.jcr            0x20000004        0x0 load address 0x08001688
 .jcr           0x20000004        0x0 c:/mars/plugins/fr.ac6.mcu.externaltools.arm-none.win32_1.7.0.201602121829/tools/compiler/bin/../lib/gcc/arm-none-eabi/5.2.1/armv7-m/crtbegin.o

.tm_clone_table
                0x20000004        0x0 load address 0x08001688
 .tm_clone_table
                0x20000004        0x0 c:/mars/plugins/fr.ac6.mcu.externaltools.arm-none.win32_1.7.0.201602121829/tools/compiler/bin/../lib/gcc/arm-none-eabi/5.2.1/armv7-m/crtbegin.o
 .tm_clone_table
                0x20000004        0x0 c:/mars/plugins/fr.ac6.mcu.externaltools.arm-none.win32_1.7.0.201602121829/tools/compiler/bin/../lib/gcc/arm-none-eabi/5.2.1/armv7-m/crtend.o

.igot.plt       0x20000004        0x0 load address 0x08001688
 .igot.plt      0x20000004        0x0 c:/mars/plugins/fr.ac6.mcu.externaltools.arm-none.win32_1.7.0.201602121829/tools/compiler/bin/../lib/gcc/arm-none-eabi/5.2.1/armv7-m/crtbegin.o
                0x20000004                . = ALIGN (0x4)

.bss            0x20000004       0x98 load address 0x08001688
                0x20000004                _sbss = .
                0x20000004                __bss_start__ = _sbss
 *(.bss)
 .bss           0x20000004       0x1c c:/mars/plugins/fr.ac6.mcu.externaltools.arm-none.win32_1.7.0.201602121829/tools/compiler/bin/../lib/gcc/arm-none-eabi/5.2.1/armv7-m/crtbegin.o
 .bss           0x20000020        0x4 Drivers/STM32F1xx_HAL_Driver/stm32f1xx_hal.o
 *(.bss*)
 *(COMMON)
 COMMON         0x20000024       0x3c Application/User/i2c.o
                0x20000024                hi2c2
 COMMON         0x20000060       0x3c Application/User/tim.o
                0x20000060                htim1
                0x2000009c                . = ALIGN (0x4)
                0x2000009c                _ebss = .
                0x2000009c                __bss_end__ = _ebss

._user_heap_stack
                0x2000009c      0x604 load address 0x08001688
                0x200000a0                . = ALIGN (0x8)
 *fill*         0x2000009c        0x4 
                [!provide]                PROVIDE (end, .)
                [!provide]                PROVIDE (_end, .)
                0x200002a0                . = (. + _Min_Heap_Size)
 *fill*         0x200000a0      0x200 
                0x200006a0                . = (. + _Min_Stack_Size)
 *fill*         0x200002a0      0x400 
                0x200006a0                . = ALIGN (0x8)

/DISCARD/
 libc.a(*)
 libm.a(*)
 libgcc.a(*)

.ARM.attributes
                0x00000000       0x29
 *(.ARM.attributes)
 .ARM.attributes
                0x00000000       0x1d c:/mars/plugins/fr.ac6.mcu.externaltools.arm-none.win32_1.7.0.201602121829/tools/compiler/bin/../lib/gcc/arm-none-eabi/5.2.1/armv7-m/crti.o
 .ARM.attributes
                0x0000001d       0x2d c:/mars/plugins/fr.ac6.mcu.externaltools.arm-none.win32_1.7.0.201602121829/tools/compiler/bin/../lib/gcc/arm-none-eabi/5.2.1/armv7-m/crtbegin.o
 .ARM.attributes
                0x0000004a       0x21 Application/SW4STM32/startup_stm32f103xb.o
 .ARM.attributes
                0x0000006b       0x33 Application/User/gpio.o
 .ARM.attributes
                0x0000009e       0x33 Application/User/i2c.o
 .ARM.attributes
                0x000000d1       0x33 Application/User/main.o
 .ARM.attributes
                0x00000104       0x33 Application/User/stm32f1xx_hal_msp.o
 .ARM.attributes
                0x00000137       0x33 Application/User/stm32f1xx_it.o
 .ARM.attributes
                0x0000016a       0x33 Application/User/tim.o
 .ARM.attributes
                0x0000019d       0x33 Drivers/CMSIS/system_stm32f1xx.o
 .ARM.attributes
                0x000001d0       0x33 Drivers/STM32F1xx_HAL_Driver/stm32f1xx_hal.o
 .ARM.attributes
                0x00000203       0x33 Drivers/STM32F1xx_HAL_Driver/stm32f1xx_hal_cortex.o
 .ARM.attributes
                0x00000236       0x33 Drivers/STM32F1xx_HAL_Driver/stm32f1xx_hal_gpio.o
 .ARM.attributes
                0x00000269       0x33 Drivers/STM32F1xx_HAL_Driver/stm32f1xx_hal_i2c.o
 .ARM.attributes
                0x0000029c       0x33 Drivers/STM32F1xx_HAL_Driver/stm32f1xx_hal_rcc.o
 .ARM.attributes
                0x000002cf       0x33 Drivers/STM32F1xx_HAL_Driver/stm32f1xx_hal_tim.o
 .ARM.attributes
                0x00000302       0x33 Drivers/STM32F1xx_HAL_Driver/stm32f1xx_hal_tim_ex.o
 .ARM.attributes
                0x00000335       0x2d c:/mars/plugins/fr.ac6.mcu.externaltools.arm-none.win32_1.7.0.201602121829/tools/compiler/bin/../lib/gcc/arm-none-eabi/5.2.1/../../../../arm-none-eabi/lib/armv7-m\libc_nano.a(lib_a-init.o)
 .ARM.attributes
                0x00000362       0x2d c:/mars/plugins/fr.ac6.mcu.externaltools.arm-none.win32_1.7.0.201602121829/tools/compiler/bin/../lib/gcc/arm-none-eabi/5.2.1/armv7-m/crtend.o
 .ARM.attributes
                0x0000038f       0x1d c:/mars/plugins/fr.ac6.mcu.externaltools.arm-none.win32_1.7.0.201602121829/tools/compiler/bin/../lib/gcc/arm-none-eabi/5.2.1/armv7-m/crtn.o
OUTPUT(S6C1.elf elf32-littlearm)

.debug_line     0x00000000     0x8b98
 .debug_line    0x00000000       0xc5 Application/SW4STM32/startup_stm32f103xb.o
 .debug_line    0x000000c5      0x6ae Application/User/gpio.o
 .debug_line    0x00000773      0x6f3 Application/User/i2c.o
 .debug_line    0x00000e66      0x709 Application/User/main.o
 .debug_line    0x0000156f      0x6b5 Application/User/stm32f1xx_hal_msp.o
 .debug_line    0x00001c24      0x6bc Application/User/stm32f1xx_it.o
 .debug_line    0x000022e0      0x71c Application/User/tim.o
 .debug_line    0x000029fc      0x70c Drivers/CMSIS/system_stm32f1xx.o
 .debug_line    0x00003108      0x816 Drivers/STM32F1xx_HAL_Driver/stm32f1xx_hal.o
 .debug_line    0x0000391e      0x885 Drivers/STM32F1xx_HAL_Driver/stm32f1xx_hal_cortex.o
 .debug_line    0x000041a3      0x84d Drivers/STM32F1xx_HAL_Driver/stm32f1xx_hal_gpio.o
 .debug_line    0x000049f0     0x153d Drivers/STM32F1xx_HAL_Driver/stm32f1xx_hal_i2c.o
 .debug_line    0x00005f2d      0xccd Drivers/STM32F1xx_HAL_Driver/stm32f1xx_hal_rcc.o
 .debug_line    0x00006bfa     0x14df Drivers/STM32F1xx_HAL_Driver/stm32f1xx_hal_tim.o
 .debug_line    0x000080d9      0xabf Drivers/STM32F1xx_HAL_Driver/stm32f1xx_hal_tim_ex.o

.debug_info     0x00000000     0xb587
 .debug_info    0x00000000       0xcc Application/SW4STM32/startup_stm32f103xb.o
 .debug_info    0x000000cc      0x1a4 Application/User/gpio.o
 .debug_info    0x00000270      0x6f3 Application/User/i2c.o
 .debug_info    0x00000963      0x8d9 Application/User/main.o
 .debug_info    0x0000123c      0x37c Application/User/stm32f1xx_hal_msp.o
 .debug_info    0x000015b8       0xec Application/User/stm32f1xx_it.o
 .debug_info    0x000016a4      0x9c3 Application/User/tim.o
 .debug_info    0x00002067      0x3ab Drivers/CMSIS/system_stm32f1xx.o
 .debug_info    0x00002412      0x684 Drivers/STM32F1xx_HAL_Driver/stm32f1xx_hal.o
 .debug_info    0x00002a96      0xc05 Drivers/STM32F1xx_HAL_Driver/stm32f1xx_hal_cortex.o
 .debug_info    0x0000369b      0x60f Drivers/STM32F1xx_HAL_Driver/stm32f1xx_hal_gpio.o
 .debug_info    0x00003caa     0x27f5 Drivers/STM32F1xx_HAL_Driver/stm32f1xx_hal_i2c.o
 .debug_info    0x0000649f     0x1418 Drivers/STM32F1xx_HAL_Driver/stm32f1xx_hal_rcc.o
 .debug_info    0x000078b7     0x2e20 Drivers/STM32F1xx_HAL_Driver/stm32f1xx_hal_tim.o
 .debug_info    0x0000a6d7      0xeb0 Drivers/STM32F1xx_HAL_Driver/stm32f1xx_hal_tim_ex.o

.debug_abbrev   0x00000000     0x1b17
 .debug_abbrev  0x00000000       0x12 Application/SW4STM32/startup_stm32f103xb.o
 .debug_abbrev  0x00000012       0xc5 Application/User/gpio.o
 .debug_abbrev  0x000000d7      0x186 Application/User/i2c.o
 .debug_abbrev  0x0000025d      0x1c1 Application/User/main.o
 .debug_abbrev  0x0000041e      0x124 Application/User/stm32f1xx_hal_msp.o
 .debug_abbrev  0x00000542       0x96 Application/User/stm32f1xx_it.o
 .debug_abbrev  0x000005d8      0x1c3 Application/User/tim.o
 .debug_abbrev  0x0000079b      0x125 Drivers/CMSIS/system_stm32f1xx.o
 .debug_abbrev  0x000008c0      0x231 Drivers/STM32F1xx_HAL_Driver/stm32f1xx_hal.o
 .debug_abbrev  0x00000af1      0x2f1 Drivers/STM32F1xx_HAL_Driver/stm32f1xx_hal_cortex.o
 .debug_abbrev  0x00000de2      0x1cb Drivers/STM32F1xx_HAL_Driver/stm32f1xx_hal_gpio.o
 .debug_abbrev  0x00000fad      0x2ea Drivers/STM32F1xx_HAL_Driver/stm32f1xx_hal_i2c.o
 .debug_abbrev  0x00001297      0x2ea Drivers/STM32F1xx_HAL_Driver/stm32f1xx_hal_rcc.o
 .debug_abbrev  0x00001581      0x323 Drivers/STM32F1xx_HAL_Driver/stm32f1xx_hal_tim.o
 .debug_abbrev  0x000018a4      0x273 Drivers/STM32F1xx_HAL_Driver/stm32f1xx_hal_tim_ex.o

.debug_aranges  0x00000000      0x7d8
 .debug_aranges
                0x00000000       0x28 Application/SW4STM32/startup_stm32f103xb.o
 .debug_aranges
                0x00000028       0x20 Application/User/gpio.o
 .debug_aranges
                0x00000048       0x30 Application/User/i2c.o
 .debug_aranges
                0x00000078       0x28 Application/User/main.o
 .debug_aranges
                0x000000a0       0x20 Application/User/stm32f1xx_hal_msp.o
 .debug_aranges
                0x000000c0       0x20 Application/User/stm32f1xx_it.o
 .debug_aranges
                0x000000e0       0x30 Application/User/tim.o
 .debug_aranges
                0x00000110       0x28 Drivers/CMSIS/system_stm32f1xx.o
 .debug_aranges
                0x00000138       0xa8 Drivers/STM32F1xx_HAL_Driver/stm32f1xx_hal.o
 .debug_aranges
                0x000001e0       0x90 Drivers/STM32F1xx_HAL_Driver/stm32f1xx_hal_cortex.o
 .debug_aranges
                0x00000270       0x58 Drivers/STM32F1xx_HAL_Driver/stm32f1xx_hal_gpio.o
 .debug_aranges
                0x000002c8      0x150 Drivers/STM32F1xx_HAL_Driver/stm32f1xx_hal_i2c.o
 .debug_aranges
                0x00000418       0x88 Drivers/STM32F1xx_HAL_Driver/stm32f1xx_hal_rcc.o
 .debug_aranges
                0x000004a0      0x250 Drivers/STM32F1xx_HAL_Driver/stm32f1xx_hal_tim.o
 .debug_aranges
                0x000006f0       0xe8 Drivers/STM32F1xx_HAL_Driver/stm32f1xx_hal_tim_ex.o

.debug_ranges   0x00000000      0xb28
 .debug_ranges  0x00000000       0x20 Application/SW4STM32/startup_stm32f103xb.o
 .debug_ranges  0x00000020       0x28 Application/User/gpio.o
 .debug_ranges  0x00000048       0x20 Application/User/i2c.o
 .debug_ranges  0x00000068       0x18 Application/User/main.o
 .debug_ranges  0x00000080       0x30 Application/User/stm32f1xx_hal_msp.o
 .debug_ranges  0x000000b0       0x10 Application/User/stm32f1xx_it.o
 .debug_ranges  0x000000c0       0x40 Application/User/tim.o
 .debug_ranges  0x00000100       0x18 Drivers/CMSIS/system_stm32f1xx.o
 .debug_ranges  0x00000118       0x98 Drivers/STM32F1xx_HAL_Driver/stm32f1xx_hal.o
 .debug_ranges  0x000001b0      0x130 Drivers/STM32F1xx_HAL_Driver/stm32f1xx_hal_cortex.o
 .debug_ranges  0x000002e0       0x68 Drivers/STM32F1xx_HAL_Driver/stm32f1xx_hal_gpio.o
 .debug_ranges  0x00000348      0x260 Drivers/STM32F1xx_HAL_Driver/stm32f1xx_hal_i2c.o
 .debug_ranges  0x000005a8      0x148 Drivers/STM32F1xx_HAL_Driver/stm32f1xx_hal_rcc.o
 .debug_ranges  0x000006f0      0x360 Drivers/STM32F1xx_HAL_Driver/stm32f1xx_hal_tim.o
 .debug_ranges  0x00000a50       0xd8 Drivers/STM32F1xx_HAL_Driver/stm32f1xx_hal_tim_ex.o

.debug_macro    0x00000000     0xffc8
 .debug_macro   0x00000000      0x2a0 Application/User/gpio.o
 .debug_macro   0x000002a0      0x886 Application/User/gpio.o
 .debug_macro   0x00000b26      0x192 Application/User/gpio.o
 .debug_macro   0x00000cb8       0x2e Application/User/gpio.o
 .debug_macro   0x00000ce6       0x22 Application/User/gpio.o
 .debug_macro   0x00000d08       0x3a Application/User/gpio.o
 .debug_macro   0x00000d42       0x22 Application/User/gpio.o
 .debug_macro   0x00000d64       0x44 Application/User/gpio.o
 .debug_macro   0x00000da8       0xfd Application/User/gpio.o
 .debug_macro   0x00000ea5       0x22 Application/User/gpio.o
 .debug_macro   0x00000ec7      0x1df Application/User/gpio.o
 .debug_macro   0x000010a6       0x34 Application/User/gpio.o
 .debug_macro   0x000010da      0xb6b Application/User/gpio.o
 .debug_macro   0x00001c45     0x6617 Application/User/gpio.o
 .debug_macro   0x0000825c       0x43 Application/User/gpio.o
 .debug_macro   0x0000829f     0x30cb Application/User/gpio.o
 .debug_macro   0x0000b36a       0x58 Application/User/gpio.o
 .debug_macro   0x0000b3c2       0x35 Application/User/gpio.o
 .debug_macro   0x0000b3f7       0x9c Application/User/gpio.o
 .debug_macro   0x0000b493       0x16 Application/User/gpio.o
 .debug_macro   0x0000b4a9       0x97 Application/User/gpio.o
 .debug_macro   0x0000b540      0x329 Application/User/gpio.o
 .debug_macro   0x0000b869       0xfd Application/User/gpio.o
 .debug_macro   0x0000b966       0x10 Application/User/gpio.o
 .debug_macro   0x0000b976       0x52 Application/User/gpio.o
 .debug_macro   0x0000b9c8       0x16 Application/User/gpio.o
 .debug_macro   0x0000b9de       0x43 Application/User/gpio.o
 .debug_macro   0x0000ba21      0x187 Application/User/gpio.o
 .debug_macro   0x0000bba8       0x10 Application/User/gpio.o
 .debug_macro   0x0000bbb8       0x22 Application/User/gpio.o
 .debug_macro   0x0000bbda       0x3a Application/User/gpio.o
 .debug_macro   0x0000bc14       0x10 Application/User/gpio.o
 .debug_macro   0x0000bc24       0x40 Application/User/gpio.o
 .debug_macro   0x0000bc64       0x65 Application/User/gpio.o
 .debug_macro   0x0000bcc9       0x16 Application/User/gpio.o
 .debug_macro   0x0000bcdf      0x197 Application/User/gpio.o
 .debug_macro   0x0000be76       0x50 Application/User/gpio.o
 .debug_macro   0x0000bec6      0x77f Application/User/gpio.o
 .debug_macro   0x0000c645      0x28b Application/User/gpio.o
 .debug_macro   0x0000c8d0      0x141 Application/User/gpio.o
 .debug_macro   0x0000ca11      0x197 Application/User/gpio.o
 .debug_macro   0x0000cba8      0x1a7 Application/User/gpio.o
 .debug_macro   0x0000cd4f       0x2d Application/User/gpio.o
 .debug_macro   0x0000cd7c       0x3c Application/User/gpio.o
 .debug_macro   0x0000cdb8       0x5e Application/User/gpio.o
 .debug_macro   0x0000ce16       0x8c Application/User/gpio.o
 .debug_macro   0x0000cea2      0x242 Application/User/gpio.o
 .debug_macro   0x0000d0e4      0x225 Application/User/gpio.o
 .debug_macro   0x0000d309      0x143 Application/User/gpio.o
 .debug_macro   0x0000d44c      0x83e Application/User/gpio.o
 .debug_macro   0x0000dc8a       0x11 Application/User/gpio.o
 .debug_macro   0x0000dc9b       0x7c Application/User/gpio.o
 .debug_macro   0x0000dd17      0x2aa Application/User/i2c.o
 .debug_macro   0x0000dfc1      0x2b4 Application/User/main.o
 .debug_macro   0x0000e275      0x296 Application/User/stm32f1xx_hal_msp.o
 .debug_macro   0x0000e50b      0x2a0 Application/User/stm32f1xx_it.o
 .debug_macro   0x0000e7ab      0x2aa Application/User/tim.o
 .debug_macro   0x0000ea55      0x29c Drivers/CMSIS/system_stm32f1xx.o
 .debug_macro   0x0000ecf1      0x2ba Drivers/STM32F1xx_HAL_Driver/stm32f1xx_hal.o
 .debug_macro   0x0000efab      0x296 Drivers/STM32F1xx_HAL_Driver/stm32f1xx_hal_cortex.o
 .debug_macro   0x0000f241      0x306 Drivers/STM32F1xx_HAL_Driver/stm32f1xx_hal_gpio.o
 .debug_macro   0x0000f547      0x2ac Drivers/STM32F1xx_HAL_Driver/stm32f1xx_hal_i2c.o
 .debug_macro   0x0000f7f3      0x2a8 Drivers/STM32F1xx_HAL_Driver/stm32f1xx_hal_rcc.o
 .debug_macro   0x0000fa9b      0x297 Drivers/STM32F1xx_HAL_Driver/stm32f1xx_hal_tim.o
 .debug_macro   0x0000fd32      0x296 Drivers/STM32F1xx_HAL_Driver/stm32f1xx_hal_tim_ex.o

.debug_str      0x00000000    0x5d2a8
 .debug_str     0x00000000    0x5a6a1 Application/User/gpio.o
                              0x5a9e4 (size before relaxing)
 .debug_str     0x0005a6a1      0x427 Application/User/i2c.o
                              0x5ae1e (size before relaxing)
 .debug_str     0x0005aac8      0x5d7 Application/User/main.o
                              0x5b1e5 (size before relaxing)
 .debug_str     0x0005b09f       0x8b Application/User/stm32f1xx_hal_msp.o
                              0x5ad0c (size before relaxing)
 .debug_str     0x0005b12a       0x74 Application/User/stm32f1xx_it.o
                              0x5a9c0 (size before relaxing)
 .debug_str     0x0005b19e      0x281 Application/User/tim.o
                              0x5b065 (size before relaxing)
 .debug_str     0x0005b41f      0x10d Drivers/CMSIS/system_stm32f1xx.o
                              0x5aadc (size before relaxing)
 .debug_str     0x0005b52c      0x2e1 Drivers/STM32F1xx_HAL_Driver/stm32f1xx_hal.o
                              0x5b08c (size before relaxing)
 .debug_str     0x0005b80d      0x269 Drivers/STM32F1xx_HAL_Driver/stm32f1xx_hal_cortex.o
                              0x5b096 (size before relaxing)
 .debug_str     0x0005ba76      0x3f2 Drivers/STM32F1xx_HAL_Driver/stm32f1xx_hal_gpio.o
                              0x5ae8a (size before relaxing)
 .debug_str     0x0005be68      0x5a8 Drivers/STM32F1xx_HAL_Driver/stm32f1xx_hal_i2c.o
                              0x5b32c (size before relaxing)
 .debug_str     0x0005c410      0x1fd Drivers/STM32F1xx_HAL_Driver/stm32f1xx_hal_rcc.o
                              0x5ae52 (size before relaxing)
 .debug_str     0x0005c60d      0x99b Drivers/STM32F1xx_HAL_Driver/stm32f1xx_hal_tim.o
                              0x5b883 (size before relaxing)
 .debug_str     0x0005cfa8      0x300 Drivers/STM32F1xx_HAL_Driver/stm32f1xx_hal_tim_ex.o
                              0x5b2b4 (size before relaxing)

.comment        0x00000000       0x6e
 .comment       0x00000000       0x6e Application/User/gpio.o
                                 0x6f (size before relaxing)
 .comment       0x0000006e       0x6f Application/User/i2c.o
 .comment       0x0000006e       0x6f Application/User/main.o
 .comment       0x0000006e       0x6f Application/User/stm32f1xx_hal_msp.o
 .comment       0x0000006e       0x6f Application/User/stm32f1xx_it.o
 .comment       0x0000006e       0x6f Application/User/tim.o
 .comment       0x0000006e       0x6f Drivers/CMSIS/system_stm32f1xx.o
 .comment       0x0000006e       0x6f Drivers/STM32F1xx_HAL_Driver/stm32f1xx_hal.o
 .comment       0x0000006e       0x6f Drivers/STM32F1xx_HAL_Driver/stm32f1xx_hal_cortex.o
 .comment       0x0000006e       0x6f Drivers/STM32F1xx_HAL_Driver/stm32f1xx_hal_gpio.o
 .comment       0x0000006e       0x6f Drivers/STM32F1xx_HAL_Driver/stm32f1xx_hal_i2c.o
 .comment       0x0000006e       0x6f Drivers/STM32F1xx_HAL_Driver/stm32f1xx_hal_rcc.o
 .comment       0x0000006e       0x6f Drivers/STM32F1xx_HAL_Driver/stm32f1xx_hal_tim.o
 .comment       0x0000006e       0x6f Drivers/STM32F1xx_HAL_Driver/stm32f1xx_hal_tim_ex.o

.debug_frame    0x00000000     0x1780
 .debug_frame   0x00000000       0x28 Application/User/gpio.o
 .debug_frame   0x00000028       0x48 Application/User/i2c.o
 .debug_frame   0x00000070       0x4c Application/User/main.o
 .debug_frame   0x000000bc       0x28 Application/User/stm32f1xx_hal_msp.o
 .debug_frame   0x000000e4       0x2c Application/User/stm32f1xx_it.o
 .debug_frame   0x00000110       0x58 Application/User/tim.o
 .debug_frame   0x00000168       0x30 Drivers/CMSIS/system_stm32f1xx.o
 .debug_frame   0x00000198      0x164 Drivers/STM32F1xx_HAL_Driver/stm32f1xx_hal.o
 .debug_frame   0x000002fc      0x120 Drivers/STM32F1xx_HAL_Driver/stm32f1xx_hal_cortex.o
 .debug_frame   0x0000041c       0xd4 Drivers/STM32F1xx_HAL_Driver/stm32f1xx_hal_gpio.o
 .debug_frame   0x000004f0      0x588 Drivers/STM32F1xx_HAL_Driver/stm32f1xx_hal_i2c.o
 .debug_frame   0x00000a78      0x164 Drivers/STM32F1xx_HAL_Driver/stm32f1xx_hal_rcc.o
 .debug_frame   0x00000bdc      0x854 Drivers/STM32F1xx_HAL_Driver/stm32f1xx_hal_tim.o
 .debug_frame   0x00001430      0x324 Drivers/STM32F1xx_HAL_Driver/stm32f1xx_hal_tim_ex.o
 .debug_frame   0x00001754       0x2c c:/mars/plugins/fr.ac6.mcu.externaltools.arm-none.win32_1.7.0.201602121829/tools/compiler/bin/../lib/gcc/arm-none-eabi/5.2.1/../../../../arm-none-eabi/lib/armv7-m\libc_nano.a(lib_a-init.o)

.debug_loc      0x00000000     0x76ad
 .debug_loc     0x00000000       0x4d Application/User/i2c.o
 .debug_loc     0x0000004d       0x4d Application/User/tim.o
 .debug_loc     0x0000009a       0xaa Drivers/CMSIS/system_stm32f1xx.o
 .debug_loc     0x00000144       0x73 Drivers/STM32F1xx_HAL_Driver/stm32f1xx_hal.o
 .debug_loc     0x000001b7      0x48f Drivers/STM32F1xx_HAL_Driver/stm32f1xx_hal_cortex.o
 .debug_loc     0x00000646      0x2e8 Drivers/STM32F1xx_HAL_Driver/stm32f1xx_hal_gpio.o
 .debug_loc     0x0000092e     0x2ae4 Drivers/STM32F1xx_HAL_Driver/stm32f1xx_hal_i2c.o
 .debug_loc     0x00003412      0x9f3 Drivers/STM32F1xx_HAL_Driver/stm32f1xx_hal_rcc.o
 .debug_loc     0x00003e05     0x30f1 Drivers/STM32F1xx_HAL_Driver/stm32f1xx_hal_tim.o
 .debug_loc     0x00006ef6      0x7b7 Drivers/STM32F1xx_HAL_Driver/stm32f1xx_hal_tim_ex.o
