Archive member included to satisfy reference by file (symbol)

c:/neon/eclipse/plugins/fr.ac6.mcu.externaltools.arm-none.win32_1.7.0.201602121829/tools/compiler/bin/../lib/gcc/arm-none-eabi/5.2.1/armv7-m\libgcc.a(_lshrdi3.o)
                              Drivers/STM32F1xx_HAL_Driver/Src/stm32f1xx_hal_flash.o (__aeabi_llsr)
c:/neon/eclipse/plugins/fr.ac6.mcu.externaltools.arm-none.win32_1.7.0.201602121829/tools/compiler/bin/../lib/gcc/arm-none-eabi/5.2.1/../../../../arm-none-eabi/lib/armv7-m\libc_nano.a(lib_a-exit.o)
                              c:/neon/eclipse/plugins/fr.ac6.mcu.externaltools.arm-none.win32_1.7.0.201602121829/tools/compiler/bin/../lib/gcc/arm-none-eabi/5.2.1/../../../../arm-none-eabi/lib/armv7-m/crt0.o (exit)
c:/neon/eclipse/plugins/fr.ac6.mcu.externaltools.arm-none.win32_1.7.0.201602121829/tools/compiler/bin/../lib/gcc/arm-none-eabi/5.2.1/../../../../arm-none-eabi/lib/armv7-m\libc_nano.a(lib_a-impure.o)
                              c:/neon/eclipse/plugins/fr.ac6.mcu.externaltools.arm-none.win32_1.7.0.201602121829/tools/compiler/bin/../lib/gcc/arm-none-eabi/5.2.1/../../../../arm-none-eabi/lib/armv7-m\libc_nano.a(lib_a-exit.o) (_global_impure_ptr)
c:/neon/eclipse/plugins/fr.ac6.mcu.externaltools.arm-none.win32_1.7.0.201602121829/tools/compiler/bin/../lib/gcc/arm-none-eabi/5.2.1/../../../../arm-none-eabi/lib/armv7-m\libc_nano.a(lib_a-init.o)
                              c:/neon/eclipse/plugins/fr.ac6.mcu.externaltools.arm-none.win32_1.7.0.201602121829/tools/compiler/bin/../lib/gcc/arm-none-eabi/5.2.1/../../../../arm-none-eabi/lib/armv7-m/crt0.o (__libc_init_array)
c:/neon/eclipse/plugins/fr.ac6.mcu.externaltools.arm-none.win32_1.7.0.201602121829/tools/compiler/bin/../lib/gcc/arm-none-eabi/5.2.1/../../../../arm-none-eabi/lib/armv7-m\libc_nano.a(lib_a-memset.o)
                              c:/neon/eclipse/plugins/fr.ac6.mcu.externaltools.arm-none.win32_1.7.0.201602121829/tools/compiler/bin/../lib/gcc/arm-none-eabi/5.2.1/../../../../arm-none-eabi/lib/armv7-m/crt0.o (memset)
c:/neon/eclipse/plugins/fr.ac6.mcu.externaltools.arm-none.win32_1.7.0.201602121829/tools/compiler/bin/../lib/gcc/arm-none-eabi/5.2.1/../../../../arm-none-eabi/lib/armv7-m\libnosys.a(_exit.o)
                              c:/neon/eclipse/plugins/fr.ac6.mcu.externaltools.arm-none.win32_1.7.0.201602121829/tools/compiler/bin/../lib/gcc/arm-none-eabi/5.2.1/../../../../arm-none-eabi/lib/armv7-m\libc_nano.a(lib_a-exit.o) (_exit)

Allocating common symbols
Common symbol       size              file

hi2c2               0x3c              Src/i2c.o
pFlash              0x20              Drivers/STM32F1xx_HAL_Driver/Src/stm32f1xx_hal_flash.o
htim1               0x3c              Src/tim.o

Discarded input sections

 .text          0x00000000        0x0 c:/neon/eclipse/plugins/fr.ac6.mcu.externaltools.arm-none.win32_1.7.0.201602121829/tools/compiler/bin/../lib/gcc/arm-none-eabi/5.2.1/armv7-m/crti.o
 .data          0x00000000        0x0 c:/neon/eclipse/plugins/fr.ac6.mcu.externaltools.arm-none.win32_1.7.0.201602121829/tools/compiler/bin/../lib/gcc/arm-none-eabi/5.2.1/armv7-m/crti.o
 .bss           0x00000000        0x0 c:/neon/eclipse/plugins/fr.ac6.mcu.externaltools.arm-none.win32_1.7.0.201602121829/tools/compiler/bin/../lib/gcc/arm-none-eabi/5.2.1/armv7-m/crti.o
 .data          0x00000000        0x4 c:/neon/eclipse/plugins/fr.ac6.mcu.externaltools.arm-none.win32_1.7.0.201602121829/tools/compiler/bin/../lib/gcc/arm-none-eabi/5.2.1/armv7-m/crtbegin.o
 .text          0x00000000       0x74 c:/neon/eclipse/plugins/fr.ac6.mcu.externaltools.arm-none.win32_1.7.0.201602121829/tools/compiler/bin/../lib/gcc/arm-none-eabi/5.2.1/../../../../arm-none-eabi/lib/armv7-m/crt0.o
 .data          0x00000000        0x0 c:/neon/eclipse/plugins/fr.ac6.mcu.externaltools.arm-none.win32_1.7.0.201602121829/tools/compiler/bin/../lib/gcc/arm-none-eabi/5.2.1/../../../../arm-none-eabi/lib/armv7-m/crt0.o
 .bss           0x00000000        0x0 c:/neon/eclipse/plugins/fr.ac6.mcu.externaltools.arm-none.win32_1.7.0.201602121829/tools/compiler/bin/../lib/gcc/arm-none-eabi/5.2.1/../../../../arm-none-eabi/lib/armv7-m/crt0.o
 .ARM.extab     0x00000000        0x0 c:/neon/eclipse/plugins/fr.ac6.mcu.externaltools.arm-none.win32_1.7.0.201602121829/tools/compiler/bin/../lib/gcc/arm-none-eabi/5.2.1/../../../../arm-none-eabi/lib/armv7-m/crt0.o
 .ARM.exidx     0x00000000        0x8 c:/neon/eclipse/plugins/fr.ac6.mcu.externaltools.arm-none.win32_1.7.0.201602121829/tools/compiler/bin/../lib/gcc/arm-none-eabi/5.2.1/../../../../arm-none-eabi/lib/armv7-m/crt0.o
 .ARM.attributes
                0x00000000       0x1b c:/neon/eclipse/plugins/fr.ac6.mcu.externaltools.arm-none.win32_1.7.0.201602121829/tools/compiler/bin/../lib/gcc/arm-none-eabi/5.2.1/../../../../arm-none-eabi/lib/armv7-m/crt0.o
 .text          0x00000000       0x14 Drivers/CMSIS/Device/ST/STM32F1xx/Source/Templates/gcc/startup_stm32f103xb.o
[...]
Memory Configuration

Name             Origin             Length             Attributes
FLASH            0x08000000         0x00020000         xr
RAM              0x20000000         0x00005000         xrw
*default*        0x00000000         0xffffffff

Linker script and memory map

LOAD c:/neon/eclipse/plugins/fr.ac6.mcu.externaltools.arm-none.win32_1.7.0.201602121829/tools/compiler/bin/../lib/gcc/arm-none-eabi/5.2.1/armv7-m/crti.o
LOAD c:/neon/eclipse/plugins/fr.ac6.mcu.externaltools.arm-none.win32_1.7.0.201602121829/tools/compiler/bin/../lib/gcc/arm-none-eabi/5.2.1/armv7-m/crtbegin.o
LOAD c:/neon/eclipse/plugins/fr.ac6.mcu.externaltools.arm-none.win32_1.7.0.201602121829/tools/compiler/bin/../lib/gcc/arm-none-eabi/5.2.1/../../../../arm-none-eabi/lib/armv7-m/crt0.o
LOAD c:/neon/eclipse/plugins/fr.ac6.mcu.externaltools.arm-none.win32_1.7.0.201602121829/tools/compiler/bin/../lib/gcc/arm-none-eabi/5.2.1/../../../../arm-none-eabi/lib/armv7-m\libm.a
LOAD Drivers/CMSIS/Device/ST/STM32F1xx/Source/Templates/gcc/startup_stm32f103xb.o
LOAD Drivers/CMSIS/Device/ST/STM32F1xx/Source/Templates/system_stm32f1xx.o
LOAD Drivers/STM32F1xx_HAL_Driver/Src/stm32f1xx_hal.o
LOAD Drivers/STM32F1xx_HAL_Driver/Src/stm32f1xx_hal_cortex.o
LOAD Drivers/STM32F1xx_HAL_Driver/Src/stm32f1xx_hal_dma.o
LOAD Drivers/STM32F1xx_HAL_Driver/Src/stm32f1xx_hal_flash.o
LOAD Drivers/STM32F1xx_HAL_Driver/Src/stm32f1xx_hal_flash_ex.o
LOAD Drivers/STM32F1xx_HAL_Driver/Src/stm32f1xx_hal_gpio.o
LOAD Drivers/STM32F1xx_HAL_Driver/Src/stm32f1xx_hal_gpio_ex.o
LOAD Drivers/STM32F1xx_HAL_Driver/Src/stm32f1xx_hal_i2c.o
LOAD Drivers/STM32F1xx_HAL_Driver/Src/stm32f1xx_hal_pwr.o
LOAD Drivers/STM32F1xx_HAL_Driver/Src/stm32f1xx_hal_rcc.o
LOAD Drivers/STM32F1xx_HAL_Driver/Src/stm32f1xx_hal_rcc_ex.o
LOAD Drivers/STM32F1xx_HAL_Driver/Src/stm32f1xx_hal_tim.o
LOAD Drivers/STM32F1xx_HAL_Driver/Src/stm32f1xx_hal_tim_ex.o
LOAD Src/gpio.o
LOAD Src/i2c.o
LOAD Src/main.o
LOAD Src/stm32f1xx_hal_msp.o
LOAD Src/stm32f1xx_it.o
LOAD Src/tim.o
START GROUP
LOAD c:/neon/eclipse/plugins/fr.ac6.mcu.externaltools.arm-none.win32_1.7.0.201602121829/tools/compiler/bin/../lib/gcc/arm-none-eabi/5.2.1/armv7-m\libgcc.a
LOAD c:/neon/eclipse/plugins/fr.ac6.mcu.externaltools.arm-none.win32_1.7.0.201602121829/tools/compiler/bin/../lib/gcc/arm-none-eabi/5.2.1/../../../../arm-none-eabi/lib/armv7-m\libc_nano.a
END GROUP
START GROUP
LOAD c:/neon/eclipse/plugins/fr.ac6.mcu.externaltools.arm-none.win32_1.7.0.201602121829/tools/compiler/bin/../lib/gcc/arm-none-eabi/5.2.1/armv7-m\libgcc.a
LOAD c:/neon/eclipse/plugins/fr.ac6.mcu.externaltools.arm-none.win32_1.7.0.201602121829/tools/compiler/bin/../lib/gcc/arm-none-eabi/5.2.1/../../../../arm-none-eabi/lib/armv7-m\libc_nano.a
LOAD c:/neon/eclipse/plugins/fr.ac6.mcu.externaltools.arm-none.win32_1.7.0.201602121829/tools/compiler/bin/../lib/gcc/arm-none-eabi/5.2.1/../../../../arm-none-eabi/lib/armv7-m\libnosys.a
END GROUP
START GROUP
LOAD c:/neon/eclipse/plugins/fr.ac6.mcu.externaltools.arm-none.win32_1.7.0.201602121829/tools/compiler/bin/../lib/gcc/arm-none-eabi/5.2.1/armv7-m\libgcc.a
LOAD c:/neon/eclipse/plugins/fr.ac6.mcu.externaltools.arm-none.win32_1.7.0.201602121829/tools/compiler/bin/../lib/gcc/arm-none-eabi/5.2.1/../../../../arm-none-eabi/lib/armv7-m\libc_nano.a
LOAD c:/neon/eclipse/plugins/fr.ac6.mcu.externaltools.arm-none.win32_1.7.0.201602121829/tools/compiler/bin/../lib/gcc/arm-none-eabi/5.2.1/../../../../arm-none-eabi/lib/armv7-m\libnosys.a
END GROUP
LOAD c:/neon/eclipse/plugins/fr.ac6.mcu.externaltools.arm-none.win32_1.7.0.201602121829/tools/compiler/bin/../lib/gcc/arm-none-eabi/5.2.1/armv7-m/crtend.o
LOAD c:/neon/eclipse/plugins/fr.ac6.mcu.externaltools.arm-none.win32_1.7.0.201602121829/tools/compiler/bin/../lib/gcc/arm-none-eabi/5.2.1/armv7-m/crtn.o
                0x20005000                _estack = 0x20005000
                0x00000200                _Min_Heap_Size = 0x200
                0x00000400                _Min_Stack_Size = 0x400

.isr_vector     0x08000000      0x10c
                0x08000000                . = ALIGN (0x4)
 *(.isr_vector)
 .isr_vector    0x08000000      0x10c Drivers/CMSIS/Device/ST/STM32F1xx/Source/Templates/gcc/startup_stm32f103xb.o
                0x08000000                g_pfnVectors
                0x0800010c                . = ALIGN (0x4)

.text           0x0800010c     0x16a8
                0x0800010c                . = ALIGN (0x4)
 *(.text)
 .text          0x0800010c       0xa4 c:/neon/eclipse/plugins/fr.ac6.mcu.externaltools.arm-none.win32_1.7.0.201602121829/tools/compiler/bin/../lib/gcc/arm-none-eabi/5.2.1/armv7-m/crtbegin.o
 *(.text*)
 .text.Reset_Handler
                0x080001b0       0x48 Drivers/CMSIS/Device/ST/STM32F1xx/Source/Templates/gcc/startup_stm32f103xb.o
                0x080001b0                Reset_Handler
 .text.Default_Handler
                0x080001f8        0x2 Drivers/CMSIS/Device/ST/STM32F1xx/Source/Templates/gcc/startup_stm32f103xb.o
                0x080001f8                RTC_Alarm_IRQHandler
                0x080001f8                EXTI2_IRQHandler
                0x080001f8                TIM1_CC_IRQHandler
                0x080001f8                PVD_IRQHandler
                0x080001f8                EXTI3_IRQHandler
                0x080001f8                EXTI0_IRQHandler
                0x080001f8                I2C2_EV_IRQHandler
                0x080001f8                ADC1_2_IRQHandler
                0x080001f8                SPI1_IRQHandler
                0x080001f8                TAMPER_IRQHandler
                0x080001f8                DMA1_Channel4_IRQHandler
                0x080001f8                USART3_IRQHandler
                0x080001f8                RTC_IRQHandler
                0x080001f8                DMA1_Channel7_IRQHandler
                0x080001f8                CAN1_RX1_IRQHandler
                0x080001f8                TIM4_IRQHandler
                0x080001f8                I2C1_EV_IRQHandler
                0x080001f8                DMA1_Channel6_IRQHandler
                0x080001f8                TIM3_IRQHandler
                0x080001f8                RCC_IRQHandler
                0x080001f8                TIM1_TRG_COM_IRQHandler
                0x080001f8                DMA1_Channel1_IRQHandler
                0x080001f8                Default_Handler
                0x080001f8                EXTI15_10_IRQHandler
                0x080001f8                EXTI9_5_IRQHandler
                0x080001f8                SPI2_IRQHandler
                0x080001f8                DMA1_Channel5_IRQHandler
                0x080001f8                EXTI4_IRQHandler
                0x080001f8                USB_LP_CAN1_RX0_IRQHandler
                0x080001f8                USB_HP_CAN1_TX_IRQHandler
                0x080001f8                DMA1_Channel3_IRQHandler
                0x080001f8                TIM1_UP_IRQHandler
                0x080001f8                WWDG_IRQHandler
                0x080001f8                TIM2_IRQHandler
                0x080001f8                TIM1_BRK_IRQHandler
                0x080001f8                EXTI1_IRQHandler
                0x080001f8                USART2_IRQHandler
                0x080001f8                I2C2_ER_IRQHandler
                0x080001f8                DMA1_Channel2_IRQHandler
                0x080001f8                CAN1_SCE_IRQHandler
                0x080001f8                FLASH_IRQHandler
                0x080001f8                USART1_IRQHandler
                0x080001f8                I2C1_ER_IRQHandler
                0x080001f8                USBWakeUp_IRQHandler
 *fill*         0x080001fa        0x2 
 .text.SystemInit
                0x080001fc       0x4c Drivers/CMSIS/Device/ST/STM32F1xx/Source/Templates/system_stm32f1xx.o
                0x080001fc                SystemInit
 .text.HAL_InitTick
                0x08000248       0x24 Drivers/STM32F1xx_HAL_Driver/Src/stm32f1xx_hal.o
                0x08000248                HAL_InitTick
 .text.HAL_Init
                0x0800026c       0x24 Drivers/STM32F1xx_HAL_Driver/Src/stm32f1xx_hal.o
                0x0800026c                HAL_Init
 .text.HAL_IncTick
                0x08000290       0x10 Drivers/STM32F1xx_HAL_Driver/Src/stm32f1xx_hal.o
                0x08000290                HAL_IncTick
 .text.HAL_GetTick
                0x080002a0        0xc Drivers/STM32F1xx_HAL_Driver/Src/stm32f1xx_hal.o
                0x080002a0                HAL_GetTick
 .text.HAL_Delay
                0x080002ac       0x1a Drivers/STM32F1xx_HAL_Driver/Src/stm32f1xx_hal.o
                0x080002ac                HAL_Delay
 *fill*         0x080002c6        0x2 
 .text.HAL_NVIC_SetPriorityGrouping
                0x080002c8       0x24 Drivers/STM32F1xx_HAL_Driver/Src/stm32f1xx_hal_cortex.o
                0x080002c8                HAL_NVIC_SetPriorityGrouping
 .text.HAL_NVIC_SetPriority
                0x080002ec       0x68 Drivers/STM32F1xx_HAL_Driver/Src/stm32f1xx_hal_cortex.o
                0x080002ec                HAL_NVIC_SetPriority
 .text.HAL_SYSTICK_Config
                0x08000354       0x2c Drivers/STM32F1xx_HAL_Driver/Src/stm32f1xx_hal_cortex.o
                0x08000354                HAL_SYSTICK_Config
 .text.HAL_SYSTICK_CLKSourceConfig
                0x08000380       0x18 Drivers/STM32F1xx_HAL_Driver/Src/stm32f1xx_hal_cortex.o
                0x08000380                HAL_SYSTICK_CLKSourceConfig
 .text.HAL_SYSTICK_Callback
                0x08000398        0x2 Drivers/STM32F1xx_HAL_Driver/Src/stm32f1xx_hal_cortex.o
                0x08000398                HAL_SYSTICK_Callback
 .text.HAL_SYSTICK_IRQHandler
                0x0800039a        0x8 Drivers/STM32F1xx_HAL_Driver/Src/stm32f1xx_hal_cortex.o
                0x0800039a                HAL_SYSTICK_IRQHandler
 *fill*         0x080003a2        0x2 
 .text.HAL_GPIO_Init
                0x080003a4      0x1b0 Drivers/STM32F1xx_HAL_Driver/Src/stm32f1xx_hal_gpio.o
                0x080003a4                HAL_GPIO_Init
 .text.I2C_WaitOnFlagUntilTimeout
                0x08000554       0x96 Drivers/STM32F1xx_HAL_Driver/Src/stm32f1xx_hal_i2c.o
 *fill*         0x080005ea        0x2 
 .text.HAL_I2C_Init
                0x080005ec       0xd4 Drivers/STM32F1xx_HAL_Driver/Src/stm32f1xx_hal_i2c.o
                0x080005ec                HAL_I2C_Init
 .text.HAL_I2C_IsDeviceReady
                0x080006c0      0x134 Drivers/STM32F1xx_HAL_Driver/Src/stm32f1xx_hal_i2c.o
                0x080006c0                HAL_I2C_IsDeviceReady
 .text.HAL_RCC_OscConfig
                0x080007f4      0x4c0 Drivers/STM32F1xx_HAL_Driver/Src/stm32f1xx_hal_rcc.o
                0x080007f4                HAL_RCC_OscConfig
 .text.HAL_RCC_GetSysClockFreq
                0x08000cb4       0x90 Drivers/STM32F1xx_HAL_Driver/Src/stm32f1xx_hal_rcc.o
                0x08000cb4                HAL_RCC_GetSysClockFreq
 .text.HAL_RCC_ClockConfig
                0x08000d44      0x164 Drivers/STM32F1xx_HAL_Driver/Src/stm32f1xx_hal_rcc.o
                0x08000d44                HAL_RCC_ClockConfig
 .text.HAL_RCC_GetHCLKFreq
                0x08000ea8        0xc Drivers/STM32F1xx_HAL_Driver/Src/stm32f1xx_hal_rcc.o
                0x08000ea8                HAL_RCC_GetHCLKFreq
 .text.HAL_RCC_GetPCLK1Freq
                0x08000eb4       0x30 Drivers/STM32F1xx_HAL_Driver/Src/stm32f1xx_hal_rcc.o
                0x08000eb4                HAL_RCC_GetPCLK1Freq
 .text.TIM_OC1_SetConfig
                0x08000ee4       0x50 Drivers/STM32F1xx_HAL_Driver/Src/stm32f1xx_hal_tim.o
 .text.TIM_OC3_SetConfig
                0x08000f34       0x58 Drivers/STM32F1xx_HAL_Driver/Src/stm32f1xx_hal_tim.o
 .text.TIM_OC4_SetConfig
                0x08000f8c       0x44 Drivers/STM32F1xx_HAL_Driver/Src/stm32f1xx_hal_tim.o
 .text.HAL_TIM_PWM_MspInit
                0x08000fd0        0x2 Drivers/STM32F1xx_HAL_Driver/Src/stm32f1xx_hal_tim.o
                0x08000fd0                HAL_TIM_PWM_MspInit
 .text.HAL_TIM_ConfigClockSource
                0x08000fd2      0x174 Drivers/STM32F1xx_HAL_Driver/Src/stm32f1xx_hal_tim.o
                0x08000fd2                HAL_TIM_ConfigClockSource
 *fill*         0x08001146        0x2 
 .text.TIM_Base_SetConfig
                0x08001148       0x68 Drivers/STM32F1xx_HAL_Driver/Src/stm32f1xx_hal_tim.o
                0x08001148                TIM_Base_SetConfig
 .text.HAL_TIM_Base_Init
                0x080011b0       0x34 Drivers/STM32F1xx_HAL_Driver/Src/stm32f1xx_hal_tim.o
                0x080011b0                HAL_TIM_Base_Init
 .text.HAL_TIM_PWM_Init
                0x080011e4       0x34 Drivers/STM32F1xx_HAL_Driver/Src/stm32f1xx_hal_tim.o
                0x080011e4                HAL_TIM_PWM_Init
 .text.TIM_OC2_SetConfig
                0x08001218       0x58 Drivers/STM32F1xx_HAL_Driver/Src/stm32f1xx_hal_tim.o
                0x08001218                TIM_OC2_SetConfig
 .text.HAL_TIM_PWM_ConfigChannel
                0x08001270       0xc6 Drivers/STM32F1xx_HAL_Driver/Src/stm32f1xx_hal_tim.o
                0x08001270                HAL_TIM_PWM_ConfigChannel
 .text.TIM_CCxChannelCmd
                0x08001336       0x1a Drivers/STM32F1xx_HAL_Driver/Src/stm32f1xx_hal_tim.o
                0x08001336                TIM_CCxChannelCmd
 .text.HAL_TIM_PWM_Start
                0x08001350       0x2c Drivers/STM32F1xx_HAL_Driver/Src/stm32f1xx_hal_tim.o
                0x08001350                HAL_TIM_PWM_Start
 .text.HAL_TIMEx_ConfigBreakDeadTime
                0x0800137c       0x40 Drivers/STM32F1xx_HAL_Driver/Src/stm32f1xx_hal_tim_ex.o
                0x0800137c                HAL_TIMEx_ConfigBreakDeadTime
 .text.HAL_TIMEx_MasterConfigSynchronization
                0x080013bc       0x44 Drivers/STM32F1xx_HAL_Driver/Src/stm32f1xx_hal_tim_ex.o
                0x080013bc                HAL_TIMEx_MasterConfigSynchronization
 .text.MX_GPIO_Init
                0x08001400       0x30 Src/gpio.o
                0x08001400                MX_GPIO_Init
 .text.MX_I2C2_Init
                0x08001430       0x40 Src/i2c.o
                0x08001430                MX_I2C2_Init
 .text.HAL_I2C_MspInit
                0x08001470       0x48 Src/i2c.o
                0x08001470                HAL_I2C_MspInit
 .text.SystemClock_Config
                0x080014b8       0x6a Src/main.o
                0x080014b8                SystemClock_Config
 *fill*         0x08001522        0x2 
 .text.startup.main
                0x08001524       0x5c Src/main.o
                0x08001524                main
 .text.Error_Handler
                0x08001580        0x2 Src/main.o
                0x08001580                Error_Handler
 *fill*         0x08001582        0x2 
 .text.HAL_MspInit
                0x08001584       0x8c Src/stm32f1xx_hal_msp.o
                0x08001584                HAL_MspInit
 .text.NMI_Handler
                0x08001610        0x2 Src/stm32f1xx_it.o
                0x08001610                NMI_Handler
 .text.HardFault_Handler
                0x08001612        0x2 Src/stm32f1xx_it.o
                0x08001612                HardFault_Handler
 .text.MemManage_Handler
                0x08001614        0x2 Src/stm32f1xx_it.o
                0x08001614                MemManage_Handler
 .text.BusFault_Handler
                0x08001616        0x2 Src/stm32f1xx_it.o
                0x08001616                BusFault_Handler
 .text.UsageFault_Handler
                0x08001618        0x2 Src/stm32f1xx_it.o
                0x08001618                UsageFault_Handler
 .text.SVC_Handler
                0x0800161a        0x2 Src/stm32f1xx_it.o
                0x0800161a                SVC_Handler
 .text.DebugMon_Handler
                0x0800161c        0x2 Src/stm32f1xx_it.o
                0x0800161c                DebugMon_Handler
 .text.PendSV_Handler
                0x0800161e        0x2 Src/stm32f1xx_it.o
                0x0800161e                PendSV_Handler
 .text.SysTick_Handler
                0x08001620        0xe Src/stm32f1xx_it.o
                0x08001620                SysTick_Handler
 *fill*         0x0800162e        0x2 
 .text.HAL_TIM_Base_MspInit
                0x08001630       0x28 Src/tim.o
                0x08001630                HAL_TIM_Base_MspInit
 .text.HAL_TIM_MspPostInit
                0x08001658       0x2c Src/tim.o
                0x08001658                HAL_TIM_MspPostInit
 .text.MX_TIM1_Init
                0x08001684       0xcc Src/tim.o
                0x08001684                MX_TIM1_Init
 .text.__libc_init_array
                0x08001750       0x4c c:/neon/eclipse/plugins/fr.ac6.mcu.externaltools.arm-none.win32_1.7.0.201602121829/tools/compiler/bin/../lib/gcc/arm-none-eabi/5.2.1/../../../../arm-none-eabi/lib/armv7-m\libc_nano.a(lib_a-init.o)
                0x08001750                __libc_init_array
 *(.glue_7)
 .glue_7        0x0800179c        0x0 linker stubs
 *(.glue_7t)
 .glue_7t       0x0800179c        0x0 linker stubs
 *(.eh_frame)
 .eh_frame      0x0800179c        0x0 c:/neon/eclipse/plugins/fr.ac6.mcu.externaltools.arm-none.win32_1.7.0.201602121829/tools/compiler/bin/../lib/gcc/arm-none-eabi/5.2.1/armv7-m/crtbegin.o
 *(.init)
 .init          0x0800179c        0x4 c:/neon/eclipse/plugins/fr.ac6.mcu.externaltools.arm-none.win32_1.7.0.201602121829/tools/compiler/bin/../lib/gcc/arm-none-eabi/5.2.1/armv7-m/crti.o
                0x0800179c                _init
 .init          0x080017a0        0x8 c:/neon/eclipse/plugins/fr.ac6.mcu.externaltools.arm-none.win32_1.7.0.201602121829/tools/compiler/bin/../lib/gcc/arm-none-eabi/5.2.1/armv7-m/crtn.o
 *(.fini)
 .fini          0x080017a8        0x4 c:/neon/eclipse/plugins/fr.ac6.mcu.externaltools.arm-none.win32_1.7.0.201602121829/tools/compiler/bin/../lib/gcc/arm-none-eabi/5.2.1/armv7-m/crti.o
                0x080017a8                _fini
 .fini          0x080017ac        0x8 c:/neon/eclipse/plugins/fr.ac6.mcu.externaltools.arm-none.win32_1.7.0.201602121829/tools/compiler/bin/../lib/gcc/arm-none-eabi/5.2.1/armv7-m/crtn.o
                0x080017b4                . = ALIGN (0x4)
                0x080017b4                _etext = .

.vfp11_veneer   0x080017b4        0x0
 .vfp11_veneer  0x080017b4        0x0 linker stubs

.v4_bx          0x080017b4        0x0
 .v4_bx         0x080017b4        0x0 linker stubs

.iplt           0x080017b4        0x0
 .iplt          0x080017b4        0x0 c:/neon/eclipse/plugins/fr.ac6.mcu.externaltools.arm-none.win32_1.7.0.201602121829/tools/compiler/bin/../lib/gcc/arm-none-eabi/5.2.1/armv7-m/crtbegin.o

.rodata         0x080017b4       0x2c
                0x080017b4                . = ALIGN (0x4)
 *(.rodata)
 .rodata        0x080017b4       0x18 Drivers/CMSIS/Device/ST/STM32F1xx/Source/Templates/system_stm32f1xx.o
                0x080017b4                AHBPrescTable
                0x080017c4                APBPrescTable
 .rodata        0x080017cc       0x12 Drivers/STM32F1xx_HAL_Driver/Src/stm32f1xx_hal_rcc.o
 *(.rodata*)
                0x080017e0                . = ALIGN (0x4)
 *fill*         0x080017de        0x2 

.rel.dyn        0x080017e0        0x0
 .rel.iplt      0x080017e0        0x0 c:/neon/eclipse/plugins/fr.ac6.mcu.externaltools.arm-none.win32_1.7.0.201602121829/tools/compiler/bin/../lib/gcc/arm-none-eabi/5.2.1/armv7-m/crtbegin.o

.ARM.extab
 *(.ARM.extab* .gnu.linkonce.armextab.*)

.ARM            0x080017e0        0x0
                0x080017e0                __exidx_start = .
 *(.ARM.exidx*)
                0x080017e0                __exidx_end = .

.preinit_array  0x080017e0        0x0
                0x080017e0                PROVIDE (__preinit_array_start, .)
 *(.preinit_array*)
                0x080017e0                PROVIDE (__preinit_array_end, .)

.init_array     0x080017e0        0x4
                0x080017e0                PROVIDE (__init_array_start, .)
 *(SORT(.init_array.*))
 *(.init_array*)
 .init_array    0x080017e0        0x4 c:/neon/eclipse/plugins/fr.ac6.mcu.externaltools.arm-none.win32_1.7.0.201602121829/tools/compiler/bin/../lib/gcc/arm-none-eabi/5.2.1/armv7-m/crtbegin.o
                0x080017e4                PROVIDE (__init_array_end, .)

.fini_array     0x080017e4        0x4
                [!provide]                PROVIDE (__fini_array_start, .)
 *(SORT(.fini_array.*))
 *(.fini_array*)
 .fini_array    0x080017e4        0x4 c:/neon/eclipse/plugins/fr.ac6.mcu.externaltools.arm-none.win32_1.7.0.201602121829/tools/compiler/bin/../lib/gcc/arm-none-eabi/5.2.1/armv7-m/crtbegin.o
                [!provide]                PROVIDE (__fini_array_end, .)
                0x080017e8                _sidata = LOADADDR (.data)

.data           0x20000000        0x4 load address 0x080017e8
                0x20000000                . = ALIGN (0x4)
                0x20000000                _sdata = .
 *(.data)
 .data          0x20000000        0x4 Drivers/CMSIS/Device/ST/STM32F1xx/Source/Templates/system_stm32f1xx.o
                0x20000000                SystemCoreClock
 *(.data*)
                0x20000004                . = ALIGN (0x4)
                0x20000004                _edata = .

.jcr            0x20000004        0x0 load address 0x080017ec
 .jcr           0x20000004        0x0 c:/neon/eclipse/plugins/fr.ac6.mcu.externaltools.arm-none.win32_1.7.0.201602121829/tools/compiler/bin/../lib/gcc/arm-none-eabi/5.2.1/armv7-m/crtbegin.o

.tm_clone_table
                0x20000004        0x0 load address 0x080017ec
 .tm_clone_table
                0x20000004        0x0 c:/neon/eclipse/plugins/fr.ac6.mcu.externaltools.arm-none.win32_1.7.0.201602121829/tools/compiler/bin/../lib/gcc/arm-none-eabi/5.2.1/armv7-m/crtbegin.o
 .tm_clone_table
                0x20000004        0x0 c:/neon/eclipse/plugins/fr.ac6.mcu.externaltools.arm-none.win32_1.7.0.201602121829/tools/compiler/bin/../lib/gcc/arm-none-eabi/5.2.1/armv7-m/crtend.o

.igot.plt       0x20000004        0x0 load address 0x080017ec
 .igot.plt      0x20000004        0x0 c:/neon/eclipse/plugins/fr.ac6.mcu.externaltools.arm-none.win32_1.7.0.201602121829/tools/compiler/bin/../lib/gcc/arm-none-eabi/5.2.1/armv7-m/crtbegin.o
                0x20000004                . = ALIGN (0x4)

.bss            0x20000004       0x98 load address 0x080017ec
                0x20000004                _sbss = .
                0x20000004                __bss_start__ = _sbss
 *(.bss)
 .bss           0x20000004       0x1c c:/neon/eclipse/plugins/fr.ac6.mcu.externaltools.arm-none.win32_1.7.0.201602121829/tools/compiler/bin/../lib/gcc/arm-none-eabi/5.2.1/armv7-m/crtbegin.o
 .bss           0x20000020        0x4 Drivers/STM32F1xx_HAL_Driver/Src/stm32f1xx_hal.o
 *(.bss*)
 *(COMMON)
 COMMON         0x20000024       0x3c Src/i2c.o
                0x20000024                hi2c2
 COMMON         0x20000060       0x3c Src/tim.o
                0x20000060                htim1
                0x2000009c                . = ALIGN (0x4)
                0x2000009c                _ebss = .
                0x2000009c                __bss_end__ = _ebss

._user_heap_stack
                0x2000009c      0x604 load address 0x080017ec
                0x200000a0                . = ALIGN (0x8)
 *fill*         0x2000009c        0x4 
                [!provide]                PROVIDE (end, .)
                [!provide]                PROVIDE (_end, .)
                0x200002a0                . = (. + _Min_Heap_Size)
 *fill*         0x200000a0      0x200 
                0x200006a0                . = (. + _Min_Stack_Size)
 *fill*         0x200002a0      0x400 
                0x200006a0                . = ALIGN (0x8)

/DISCARD/
 libc.a(*)
 libm.a(*)
 libgcc.a(*)

.ARM.attributes
                0x00000000       0x29
 *(.ARM.attributes)
 .ARM.attributes
                0x00000000       0x1d c:/neon/eclipse/plugins/fr.ac6.mcu.externaltools.arm-none.win32_1.7.0.201602121829/tools/compiler/bin/../lib/gcc/arm-none-eabi/5.2.1/armv7-m/crti.o
 .ARM.attributes
                0x0000001d       0x2d c:/neon/eclipse/plugins/fr.ac6.mcu.externaltools.arm-none.win32_1.7.0.201602121829/tools/compiler/bin/../lib/gcc/arm-none-eabi/5.2.1/armv7-m/crtbegin.o
 .ARM.attributes
                0x0000004a       0x21 Drivers/CMSIS/Device/ST/STM32F1xx/Source/Templates/gcc/startup_stm32f103xb.o
 .ARM.attributes
                0x0000006b       0x33 Drivers/CMSIS/Device/ST/STM32F1xx/Source/Templates/system_stm32f1xx.o
 .ARM.attributes
                0x0000009e       0x33 Drivers/STM32F1xx_HAL_Driver/Src/stm32f1xx_hal.o
 .ARM.attributes
                0x000000d1       0x33 Drivers/STM32F1xx_HAL_Driver/Src/stm32f1xx_hal_cortex.o
 .ARM.attributes
                0x00000104       0x33 Drivers/STM32F1xx_HAL_Driver/Src/stm32f1xx_hal_gpio.o
 .ARM.attributes
                0x00000137       0x33 Drivers/STM32F1xx_HAL_Driver/Src/stm32f1xx_hal_i2c.o
 .ARM.attributes
                0x0000016a       0x33 Drivers/STM32F1xx_HAL_Driver/Src/stm32f1xx_hal_rcc.o
 .ARM.attributes
                0x0000019d       0x33 Drivers/STM32F1xx_HAL_Driver/Src/stm32f1xx_hal_tim.o
 .ARM.attributes
                0x000001d0       0x33 Drivers/STM32F1xx_HAL_Driver/Src/stm32f1xx_hal_tim_ex.o
 .ARM.attributes
                0x00000203       0x33 Src/gpio.o
 .ARM.attributes
                0x00000236       0x33 Src/i2c.o
 .ARM.attributes
                0x00000269       0x33 Src/main.o
 .ARM.attributes
                0x0000029c       0x33 Src/stm32f1xx_hal_msp.o
 .ARM.attributes
                0x000002cf       0x33 Src/stm32f1xx_it.o
 .ARM.attributes
                0x00000302       0x33 Src/tim.o
 .ARM.attributes
                0x00000335       0x2d c:/neon/eclipse/plugins/fr.ac6.mcu.externaltools.arm-none.win32_1.7.0.201602121829/tools/compiler/bin/../lib/gcc/arm-none-eabi/5.2.1/../../../../arm-none-eabi/lib/armv7-m\libc_nano.a(lib_a-init.o)
 .ARM.attributes
                0x00000362       0x2d c:/neon/eclipse/plugins/fr.ac6.mcu.externaltools.arm-none.win32_1.7.0.201602121829/tools/compiler/bin/../lib/gcc/arm-none-eabi/5.2.1/armv7-m/crtend.o
 .ARM.attributes
                0x0000038f       0x1d c:/neon/eclipse/plugins/fr.ac6.mcu.externaltools.arm-none.win32_1.7.0.201602121829/tools/compiler/bin/../lib/gcc/arm-none-eabi/5.2.1/armv7-m/crtn.o
OUTPUT(PWM.elf elf32-littlearm)

.debug_line     0x00000000     0x8c35
 .debug_line    0x00000000       0xac Drivers/CMSIS/Device/ST/STM32F1xx/Source/Templates/gcc/startup_stm32f103xb.o
 .debug_line    0x000000ac      0x704 Drivers/CMSIS/Device/ST/STM32F1xx/Source/Templates/system_stm32f1xx.o
 .debug_line    0x000007b0      0x80e Drivers/STM32F1xx_HAL_Driver/Src/stm32f1xx_hal.o
 .debug_line    0x00000fbe      0x87f Drivers/STM32F1xx_HAL_Driver/Src/stm32f1xx_hal_cortex.o
 .debug_line    0x0000183d      0x845 Drivers/STM32F1xx_HAL_Driver/Src/stm32f1xx_hal_gpio.o
 .debug_line    0x00002082     0x16ce Drivers/STM32F1xx_HAL_Driver/Src/stm32f1xx_hal_i2c.o
 .debug_line    0x00003750      0xbe5 Drivers/STM32F1xx_HAL_Driver/Src/stm32f1xx_hal_rcc.o
 .debug_line    0x00004335     0x14c9 Drivers/STM32F1xx_HAL_Driver/Src/stm32f1xx_hal_tim.o
 .debug_line    0x000057fe      0xab7 Drivers/STM32F1xx_HAL_Driver/Src/stm32f1xx_hal_tim_ex.o
 .debug_line    0x000062b5      0x6a6 Src/gpio.o
 .debug_line    0x0000695b      0x6ee Src/i2c.o
 .debug_line    0x00007049      0x719 Src/main.o
 .debug_line    0x00007762      0x6b3 Src/stm32f1xx_hal_msp.o
 .debug_line    0x00007e15      0x706 Src/stm32f1xx_it.o
 .debug_line    0x0000851b      0x71a Src/tim.o

.debug_info     0x00000000     0xbb32
 .debug_info    0x00000000       0x91 Drivers/CMSIS/Device/ST/STM32F1xx/Source/Templates/gcc/startup_stm32f103xb.o
 .debug_info    0x00000091      0x3d1 Drivers/CMSIS/Device/ST/STM32F1xx/Source/Templates/system_stm32f1xx.o
 .debug_info    0x00000462      0x68a Drivers/STM32F1xx_HAL_Driver/Src/stm32f1xx_hal.o
 .debug_info    0x00000aec      0xc10 Drivers/STM32F1xx_HAL_Driver/Src/stm32f1xx_hal_cortex.o
 .debug_info    0x000016fc      0x60f Drivers/STM32F1xx_HAL_Driver/Src/stm32f1xx_hal_gpio.o
 .debug_info    0x00001d0b     0x2a4c Drivers/STM32F1xx_HAL_Driver/Src/stm32f1xx_hal_i2c.o
 .debug_info    0x00004757     0x123f Drivers/STM32F1xx_HAL_Driver/Src/stm32f1xx_hal_rcc.o
 .debug_info    0x00005996     0x2e20 Drivers/STM32F1xx_HAL_Driver/Src/stm32f1xx_hal_tim.o
 .debug_info    0x000087b6      0xeb0 Drivers/STM32F1xx_HAL_Driver/Src/stm32f1xx_hal_tim_ex.o
 .debug_info    0x00009666      0x1a4 Src/gpio.o
 .debug_info    0x0000980a      0x765 Src/i2c.o
 .debug_info    0x00009f6f      0xbac Src/main.o
 .debug_info    0x0000ab1b      0x436 Src/stm32f1xx_hal_msp.o
 .debug_info    0x0000af51      0x147 Src/stm32f1xx_it.o
 .debug_info    0x0000b098      0xa9a Src/tim.o

.debug_abbrev   0x00000000     0x1be0
 .debug_abbrev  0x00000000       0x12 Drivers/CMSIS/Device/ST/STM32F1xx/Source/Templates/gcc/startup_stm32f103xb.o
 .debug_abbrev  0x00000012      0x125 Drivers/CMSIS/Device/ST/STM32F1xx/Source/Templates/system_stm32f1xx.o
 .debug_abbrev  0x00000137      0x231 Drivers/STM32F1xx_HAL_Driver/Src/stm32f1xx_hal.o
 .debug_abbrev  0x00000368      0x2f1 Drivers/STM32F1xx_HAL_Driver/Src/stm32f1xx_hal_cortex.o
 .debug_abbrev  0x00000659      0x1cb Drivers/STM32F1xx_HAL_Driver/Src/stm32f1xx_hal_gpio.o
 .debug_abbrev  0x00000824      0x2fa Drivers/STM32F1xx_HAL_Driver/Src/stm32f1xx_hal_i2c.o
 .debug_abbrev  0x00000b1e      0x2c2 Drivers/STM32F1xx_HAL_Driver/Src/stm32f1xx_hal_rcc.o
 .debug_abbrev  0x00000de0      0x323 Drivers/STM32F1xx_HAL_Driver/Src/stm32f1xx_hal_tim.o
 .debug_abbrev  0x00001103      0x273 Drivers/STM32F1xx_HAL_Driver/Src/stm32f1xx_hal_tim_ex.o
 .debug_abbrev  0x00001376       0xc5 Src/gpio.o
 .debug_abbrev  0x0000143b      0x1b2 Src/i2c.o
 .debug_abbrev  0x000015ed      0x1e5 Src/main.o
 .debug_abbrev  0x000017d2      0x124 Src/stm32f1xx_hal_msp.o
 .debug_abbrev  0x000018f6       0xd2 Src/stm32f1xx_it.o
 .debug_abbrev  0x000019c8      0x218 Src/tim.o

.debug_aranges  0x00000000      0x830
 .debug_aranges
                0x00000000       0x28 Drivers/CMSIS/Device/ST/STM32F1xx/Source/Templates/gcc/startup_stm32f103xb.o
 .debug_aranges
                0x00000028       0x28 Drivers/CMSIS/Device/ST/STM32F1xx/Source/Templates/system_stm32f1xx.o
 .debug_aranges
                0x00000050       0xa8 Drivers/STM32F1xx_HAL_Driver/Src/stm32f1xx_hal.o
 .debug_aranges
                0x000000f8       0x90 Drivers/STM32F1xx_HAL_Driver/Src/stm32f1xx_hal_cortex.o
 .debug_aranges
                0x00000188       0x58 Drivers/STM32F1xx_HAL_Driver/Src/stm32f1xx_hal_gpio.o
 .debug_aranges
                0x000001e0      0x170 Drivers/STM32F1xx_HAL_Driver/Src/stm32f1xx_hal_i2c.o
 .debug_aranges
                0x00000350       0x88 Drivers/STM32F1xx_HAL_Driver/Src/stm32f1xx_hal_rcc.o
 .debug_aranges
                0x000003d8      0x250 Drivers/STM32F1xx_HAL_Driver/Src/stm32f1xx_hal_tim.o
 .debug_aranges
                0x00000628       0xe8 Drivers/STM32F1xx_HAL_Driver/Src/stm32f1xx_hal_tim_ex.o
 .debug_aranges
                0x00000710       0x20 Src/gpio.o
 .debug_aranges
                0x00000730       0x30 Src/i2c.o
 .debug_aranges
                0x00000760       0x30 Src/main.o
 .debug_aranges
                0x00000790       0x20 Src/stm32f1xx_hal_msp.o
 .debug_aranges
                0x000007b0       0x48 Src/stm32f1xx_it.o
 .debug_aranges
                0x000007f8       0x38 Src/tim.o

.debug_ranges   0x00000000      0xb78
 .debug_ranges  0x00000000       0x20 Drivers/CMSIS/Device/ST/STM32F1xx/Source/Templates/gcc/startup_stm32f103xb.o
 .debug_ranges  0x00000020       0x18 Drivers/CMSIS/Device/ST/STM32F1xx/Source/Templates/system_stm32f1xx.o
 .debug_ranges  0x00000038       0x98 Drivers/STM32F1xx_HAL_Driver/Src/stm32f1xx_hal.o
 .debug_ranges  0x000000d0      0x130 Drivers/STM32F1xx_HAL_Driver/Src/stm32f1xx_hal_cortex.o
 .debug_ranges  0x00000200       0x68 Drivers/STM32F1xx_HAL_Driver/Src/stm32f1xx_hal_gpio.o
 .debug_ranges  0x00000268      0x298 Drivers/STM32F1xx_HAL_Driver/Src/stm32f1xx_hal_i2c.o
 .debug_ranges  0x00000500      0x148 Drivers/STM32F1xx_HAL_Driver/Src/stm32f1xx_hal_rcc.o
 .debug_ranges  0x00000648      0x360 Drivers/STM32F1xx_HAL_Driver/Src/stm32f1xx_hal_tim.o
 .debug_ranges  0x000009a8       0xd8 Drivers/STM32F1xx_HAL_Driver/Src/stm32f1xx_hal_tim_ex.o
 .debug_ranges  0x00000a80       0x28 Src/gpio.o
 .debug_ranges  0x00000aa8       0x20 Src/i2c.o
 .debug_ranges  0x00000ac8       0x20 Src/main.o
 .debug_ranges  0x00000ae8       0x30 Src/stm32f1xx_hal_msp.o
 .debug_ranges  0x00000b18       0x38 Src/stm32f1xx_it.o
 .debug_ranges  0x00000b50       0x28 Src/tim.o

.debug_loc      0x00000000     0x77b8
 .debug_loc     0x00000000       0xaa Drivers/CMSIS/Device/ST/STM32F1xx/Source/Templates/system_stm32f1xx.o
 .debug_loc     0x000000aa       0x73 Drivers/STM32F1xx_HAL_Driver/Src/stm32f1xx_hal.o
 .debug_loc     0x0000011d      0x48f Drivers/STM32F1xx_HAL_Driver/Src/stm32f1xx_hal_cortex.o
 .debug_loc     0x000005ac      0x2e8 Drivers/STM32F1xx_HAL_Driver/Src/stm32f1xx_hal_gpio.o
 .debug_loc     0x00000894     0x2d44 Drivers/STM32F1xx_HAL_Driver/Src/stm32f1xx_hal_i2c.o
 .debug_loc     0x000035d8      0x8a9 Drivers/STM32F1xx_HAL_Driver/Src/stm32f1xx_hal_rcc.o
 .debug_loc     0x00003e81     0x30f1 Drivers/STM32F1xx_HAL_Driver/Src/stm32f1xx_hal_tim.o
 .debug_loc     0x00006f72      0x7b7 Drivers/STM32F1xx_HAL_Driver/Src/stm32f1xx_hal_tim_ex.o
 .debug_loc     0x00007729       0x4d Src/i2c.o
 .debug_loc     0x00007776       0x42 Src/tim.o

.debug_macro    0x00000000    0x190a4
 .debug_macro   0x00000000      0x2b1 Drivers/CMSIS/Device/ST/STM32F1xx/Source/Templates/system_stm32f1xx.o
 .debug_macro   0x000002b1      0x886 Drivers/CMSIS/Device/ST/STM32F1xx/Source/Templates/system_stm32f1xx.o
 .debug_macro   0x00000b37       0x2e Drivers/CMSIS/Device/ST/STM32F1xx/Source/Templates/system_stm32f1xx.o
 .debug_macro   0x00000b65       0x22 Drivers/CMSIS/Device/ST/STM32F1xx/Source/Templates/system_stm32f1xx.o
 .debug_macro   0x00000b87       0x22 Drivers/CMSIS/Device/ST/STM32F1xx/Source/Templates/system_stm32f1xx.o
 .debug_macro   0x00000ba9       0x44 Drivers/CMSIS/Device/ST/STM32F1xx/Source/Templates/system_stm32f1xx.o
 .debug_macro   0x00000bed       0xfd Drivers/CMSIS/Device/ST/STM32F1xx/Source/Templates/system_stm32f1xx.o
 .debug_macro   0x00000cea       0x22 Drivers/CMSIS/Device/ST/STM32F1xx/Source/Templates/system_stm32f1xx.o
 .debug_macro   0x00000d0c      0x1df Drivers/CMSIS/Device/ST/STM32F1xx/Source/Templates/system_stm32f1xx.o
 .debug_macro   0x00000eeb       0x34 Drivers/CMSIS/Device/ST/STM32F1xx/Source/Templates/system_stm32f1xx.o
 .debug_macro   0x00000f1f       0x34 Drivers/CMSIS/Device/ST/STM32F1xx/Source/Templates/system_stm32f1xx.o
 .debug_macro   0x00000f53      0xb8e Drivers/CMSIS/Device/ST/STM32F1xx/Source/Templates/system_stm32f1xx.o
 .debug_macro   0x00001ae1     0xf2f7 Drivers/CMSIS/Device/ST/STM32F1xx/Source/Templates/system_stm32f1xx.o
 .debug_macro   0x00010dd8       0x43 Drivers/CMSIS/Device/ST/STM32F1xx/Source/Templates/system_stm32f1xx.o
 .debug_macro   0x00010e1b      0x192 Drivers/CMSIS/Device/ST/STM32F1xx/Source/Templates/system_stm32f1xx.o
 .debug_macro   0x00010fad     0x3383 Drivers/CMSIS/Device/ST/STM32F1xx/Source/Templates/system_stm32f1xx.o
 .debug_macro   0x00014330       0x58 Drivers/CMSIS/Device/ST/STM32F1xx/Source/Templates/system_stm32f1xx.o
 .debug_macro   0x00014388       0x35 Drivers/CMSIS/Device/ST/STM32F1xx/Source/Templates/system_stm32f1xx.o
 .debug_macro   0x000143bd       0x9c Drivers/CMSIS/Device/ST/STM32F1xx/Source/Templates/system_stm32f1xx.o
 .debug_macro   0x00014459       0x16 Drivers/CMSIS/Device/ST/STM32F1xx/Source/Templates/system_stm32f1xx.o
 .debug_macro   0x0001446f       0x97 Drivers/CMSIS/Device/ST/STM32F1xx/Source/Templates/system_stm32f1xx.o
 .debug_macro   0x00014506      0x329 Drivers/CMSIS/Device/ST/STM32F1xx/Source/Templates/system_stm32f1xx.o
 .debug_macro   0x0001482f       0xfd Drivers/CMSIS/Device/ST/STM32F1xx/Source/Templates/system_stm32f1xx.o
 .debug_macro   0x0001492c       0x10 Drivers/CMSIS/Device/ST/STM32F1xx/Source/Templates/system_stm32f1xx.o
 .debug_macro   0x0001493c       0x52 Drivers/CMSIS/Device/ST/STM32F1xx/Source/Templates/system_stm32f1xx.o
 .debug_macro   0x0001498e       0x16 Drivers/CMSIS/Device/ST/STM32F1xx/Source/Templates/system_stm32f1xx.o
 .debug_macro   0x000149a4       0x43 Drivers/CMSIS/Device/ST/STM32F1xx/Source/Templates/system_stm32f1xx.o
 .debug_macro   0x000149e7      0x187 Drivers/CMSIS/Device/ST/STM32F1xx/Source/Templates/system_stm32f1xx.o
 .debug_macro   0x00014b6e       0x10 Drivers/CMSIS/Device/ST/STM32F1xx/Source/Templates/system_stm32f1xx.o
 .debug_macro   0x00014b7e       0x22 Drivers/CMSIS/Device/ST/STM32F1xx/Source/Templates/system_stm32f1xx.o
 .debug_macro   0x00014ba0       0x3a Drivers/CMSIS/Device/ST/STM32F1xx/Source/Templates/system_stm32f1xx.o
 .debug_macro   0x00014bda       0x10 Drivers/CMSIS/Device/ST/STM32F1xx/Source/Templates/system_stm32f1xx.o
 .debug_macro   0x00014bea       0x40 Drivers/CMSIS/Device/ST/STM32F1xx/Source/Templates/system_stm32f1xx.o
 .debug_macro   0x00014c2a       0x65 Drivers/CMSIS/Device/ST/STM32F1xx/Source/Templates/system_stm32f1xx.o
 .debug_macro   0x00014c8f       0x16 Drivers/CMSIS/Device/ST/STM32F1xx/Source/Templates/system_stm32f1xx.o
 .debug_macro   0x00014ca5      0x197 Drivers/CMSIS/Device/ST/STM32F1xx/Source/Templates/system_stm32f1xx.o
 .debug_macro   0x00014e3c       0x50 Drivers/CMSIS/Device/ST/STM32F1xx/Source/Templates/system_stm32f1xx.o
 .debug_macro   0x00014e8c      0x778 Drivers/CMSIS/Device/ST/STM32F1xx/Source/Templates/system_stm32f1xx.o
 .debug_macro   0x00015604      0x28b Drivers/CMSIS/Device/ST/STM32F1xx/Source/Templates/system_stm32f1xx.o
 .debug_macro   0x0001588f      0x141 Drivers/CMSIS/Device/ST/STM32F1xx/Source/Templates/system_stm32f1xx.o
 .debug_macro   0x000159d0      0x197 Drivers/CMSIS/Device/ST/STM32F1xx/Source/Templates/system_stm32f1xx.o
 .debug_macro   0x00015b67      0x1ae Drivers/CMSIS/Device/ST/STM32F1xx/Source/Templates/system_stm32f1xx.o
 .debug_macro   0x00015d15       0x2d Drivers/CMSIS/Device/ST/STM32F1xx/Source/Templates/system_stm32f1xx.o
 .debug_macro   0x00015d42       0x3c Drivers/CMSIS/Device/ST/STM32F1xx/Source/Templates/system_stm32f1xx.o
 .debug_macro   0x00015d7e       0x57 Drivers/CMSIS/Device/ST/STM32F1xx/Source/Templates/system_stm32f1xx.o
 .debug_macro   0x00015dd5       0x8c Drivers/CMSIS/Device/ST/STM32F1xx/Source/Templates/system_stm32f1xx.o
 .debug_macro   0x00015e61      0x242 Drivers/CMSIS/Device/ST/STM32F1xx/Source/Templates/system_stm32f1xx.o
 .debug_macro   0x000160a3      0x225 Drivers/CMSIS/Device/ST/STM32F1xx/Source/Templates/system_stm32f1xx.o
 .debug_macro   0x000162c8      0x143 Drivers/CMSIS/Device/ST/STM32F1xx/Source/Templates/system_stm32f1xx.o
 .debug_macro   0x0001640b      0x83e Drivers/CMSIS/Device/ST/STM32F1xx/Source/Templates/system_stm32f1xx.o
 .debug_macro   0x00016c49       0x11 Drivers/CMSIS/Device/ST/STM32F1xx/Source/Templates/system_stm32f1xx.o
 .debug_macro   0x00016c5a       0x7c Drivers/CMSIS/Device/ST/STM32F1xx/Source/Templates/system_stm32f1xx.o
 .debug_macro   0x00016cd6      0x2cf Drivers/STM32F1xx_HAL_Driver/Src/stm32f1xx_hal.o
 .debug_macro   0x00016fa5      0x2ab Drivers/STM32F1xx_HAL_Driver/Src/stm32f1xx_hal_cortex.o
 .debug_macro   0x00017250      0x31b Drivers/STM32F1xx_HAL_Driver/Src/stm32f1xx_hal_gpio.o
 .debug_macro   0x0001756b      0x2c1 Drivers/STM32F1xx_HAL_Driver/Src/stm32f1xx_hal_i2c.o
 .debug_macro   0x0001782c      0x2cf Drivers/STM32F1xx_HAL_Driver/Src/stm32f1xx_hal_rcc.o
 .debug_macro   0x00017afb      0x2ac Drivers/STM32F1xx_HAL_Driver/Src/stm32f1xx_hal_tim.o
 .debug_macro   0x00017da7      0x2ab Drivers/STM32F1xx_HAL_Driver/Src/stm32f1xx_hal_tim_ex.o
 .debug_macro   0x00018052      0x2b5 Src/gpio.o
 .debug_macro   0x00018307      0x2bf Src/i2c.o
 .debug_macro   0x000185c6      0x2c9 Src/main.o
 .debug_macro   0x0001888f      0x2ab Src/stm32f1xx_hal_msp.o
 .debug_macro   0x00018b3a      0x2b5 Src/stm32f1xx_it.o
 .debug_macro   0x00018def      0x2b5 Src/tim.o

.debug_str      0x00000000    0x8bf93
 .debug_str     0x00000000    0x8940a Drivers/CMSIS/Device/ST/STM32F1xx/Source/Templates/system_stm32f1xx.o
                              0x8975b (size before relaxing)
 .debug_str     0x0008940a      0x59a Drivers/STM32F1xx_HAL_Driver/Src/stm32f1xx_hal.o
                              0x89d0c (size before relaxing)
 .debug_str     0x000899a4      0x267 Drivers/STM32F1xx_HAL_Driver/Src/stm32f1xx_hal_cortex.o
                              0x89d16 (size before relaxing)
 .debug_str     0x00089c0b      0x45a Drivers/STM32F1xx_HAL_Driver/Src/stm32f1xx_hal_gpio.o
                              0x89afb (size before relaxing)
 .debug_str     0x0008a065      0x977 Drivers/STM32F1xx_HAL_Driver/Src/stm32f1xx_hal_i2c.o
                              0x8a059 (size before relaxing)
 .debug_str     0x0008a9dc      0x3a8 Drivers/STM32F1xx_HAL_Driver/Src/stm32f1xx_hal_rcc.o
                              0x89b6d (size before relaxing)
 .debug_str     0x0008ad84      0xc12 Drivers/STM32F1xx_HAL_Driver/Src/stm32f1xx_hal_tim.o
                              0x8a4f4 (size before relaxing)
 .debug_str     0x0008b996      0x3fd Drivers/STM32F1xx_HAL_Driver/Src/stm32f1xx_hal_tim_ex.o
                              0x89f25 (size before relaxing)
 .debug_str     0x0008bd93       0x25 Src/gpio.o
                              0x89655 (size before relaxing)
 .debug_str     0x0008bdb8       0x73 Src/i2c.o
                              0x89af2 (size before relaxing)
 .debug_str     0x0008be2b       0x42 Src/main.o
                              0x8a0b1 (size before relaxing)
 .debug_str     0x0008be6d       0x27 Src/stm32f1xx_hal_msp.o
                              0x8998c (size before relaxing)
 .debug_str     0x0008be94       0x8f Src/stm32f1xx_it.o
                              0x89688 (size before relaxing)
 .debug_str     0x0008bf23       0x70 Src/tim.o
                              0x89d13 (size before relaxing)

.comment        0x00000000       0x6e
 .comment       0x00000000       0x6e Drivers/CMSIS/Device/ST/STM32F1xx/Source/Templates/system_stm32f1xx.o
                                 0x6f (size before relaxing)
 .comment       0x0000006e       0x6f Drivers/STM32F1xx_HAL_Driver/Src/stm32f1xx_hal.o
 .comment       0x0000006e       0x6f Drivers/STM32F1xx_HAL_Driver/Src/stm32f1xx_hal_cortex.o
 .comment       0x0000006e       0x6f Drivers/STM32F1xx_HAL_Driver/Src/stm32f1xx_hal_gpio.o
 .comment       0x0000006e       0x6f Drivers/STM32F1xx_HAL_Driver/Src/stm32f1xx_hal_i2c.o
 .comment       0x0000006e       0x6f Drivers/STM32F1xx_HAL_Driver/Src/stm32f1xx_hal_rcc.o
 .comment       0x0000006e       0x6f Drivers/STM32F1xx_HAL_Driver/Src/stm32f1xx_hal_tim.o
 .comment       0x0000006e       0x6f Drivers/STM32F1xx_HAL_Driver/Src/stm32f1xx_hal_tim_ex.o
 .comment       0x0000006e       0x6f Src/gpio.o
 .comment       0x0000006e       0x6f Src/i2c.o
 .comment       0x0000006e       0x6f Src/main.o
 .comment       0x0000006e       0x6f Src/stm32f1xx_hal_msp.o
 .comment       0x0000006e       0x6f Src/stm32f1xx_it.o
 .comment       0x0000006e       0x6f Src/tim.o

.debug_frame    0x00000000     0x1888
 .debug_frame   0x00000000       0x30 Drivers/CMSIS/Device/ST/STM32F1xx/Source/Templates/system_stm32f1xx.o
 .debug_frame   0x00000030      0x164 Drivers/STM32F1xx_HAL_Driver/Src/stm32f1xx_hal.o
 .debug_frame   0x00000194      0x120 Drivers/STM32F1xx_HAL_Driver/Src/stm32f1xx_hal_cortex.o
 .debug_frame   0x000002b4       0xd4 Drivers/STM32F1xx_HAL_Driver/Src/stm32f1xx_hal_gpio.o
 .debug_frame   0x00000388      0x5f4 Drivers/STM32F1xx_HAL_Driver/Src/stm32f1xx_hal_i2c.o
 .debug_frame   0x0000097c      0x14c Drivers/STM32F1xx_HAL_Driver/Src/stm32f1xx_hal_rcc.o
 .debug_frame   0x00000ac8      0x854 Drivers/STM32F1xx_HAL_Driver/Src/stm32f1xx_hal_tim.o
 .debug_frame   0x0000131c      0x324 Drivers/STM32F1xx_HAL_Driver/Src/stm32f1xx_hal_tim_ex.o
 .debug_frame   0x00001640       0x28 Src/gpio.o
 .debug_frame   0x00001668       0x58 Src/i2c.o
 .debug_frame   0x000016c0       0x58 Src/main.o
 .debug_frame   0x00001718       0x28 Src/stm32f1xx_hal_msp.o
 .debug_frame   0x00001740       0xac Src/stm32f1xx_it.o
 .debug_frame   0x000017ec       0x70 Src/tim.o
 .debug_frame   0x0000185c       0x2c c:/neon/eclipse/plugins/fr.ac6.mcu.externaltools.arm-none.win32_1.7.0.201602121829/tools/compiler/bin/../lib/gcc/arm-none-eabi/5.2.1/../../../../arm-none-eabi/lib/armv7-m\libc_nano.a(lib_a-init.o)
